###############################################################################
#
# IAR ELF Linker V7.40.3.8902/W32 for ARM                 05/Oct/2015  09:28:10
# Copyright 2007-2015 IAR Systems AB.
#
#    Output file  =  
#        D:\Projects\STM324x9I_EVAL\Applications\USB_Device\HID_Standalone\EWARM\STM324x9I-EVAL_USBD-FS\Exe\STM324x9I-EVAL_USBD-FS.out
#    Map file     =  
#        D:\Projects\STM324x9I_EVAL\Applications\USB_Device\HID_Standalone\EWARM\STM324x9I-EVAL_USBD-FS\List\STM324x9I-EVAL_USBD-FS.map
#    Command line =  
#        D:\Projects\STM324x9I_EVAL\Applications\USB_Device\HID_Standalone\EWARM\STM324x9I-EVAL_USBD-FS\Obj\ds1086.o
#        D:\Projects\STM324x9I_EVAL\Applications\USB_Device\HID_Standalone\EWARM\STM324x9I-EVAL_USBD-FS\Obj\genMessage.o
#        D:\Projects\STM324x9I_EVAL\Applications\USB_Device\HID_Standalone\EWARM\STM324x9I-EVAL_USBD-FS\Obj\main.o
#        D:\Projects\STM324x9I_EVAL\Applications\USB_Device\HID_Standalone\EWARM\STM324x9I-EVAL_USBD-FS\Obj\startup_stm32f429xx.o
#        D:\Projects\STM324x9I_EVAL\Applications\USB_Device\HID_Standalone\EWARM\STM324x9I-EVAL_USBD-FS\Obj\stm324x9i_eval.o
#        D:\Projects\STM324x9I_EVAL\Applications\USB_Device\HID_Standalone\EWARM\STM324x9I-EVAL_USBD-FS\Obj\stm324x9i_eval_io.o
#        D:\Projects\STM324x9I_EVAL\Applications\USB_Device\HID_Standalone\EWARM\STM324x9I-EVAL_USBD-FS\Obj\stm32f4xx_hal.o
#        D:\Projects\STM324x9I_EVAL\Applications\USB_Device\HID_Standalone\EWARM\STM324x9I-EVAL_USBD-FS\Obj\stm32f4xx_hal_cortex.o
#        D:\Projects\STM324x9I_EVAL\Applications\USB_Device\HID_Standalone\EWARM\STM324x9I-EVAL_USBD-FS\Obj\stm32f4xx_hal_dma.o
#        D:\Projects\STM324x9I_EVAL\Applications\USB_Device\HID_Standalone\EWARM\STM324x9I-EVAL_USBD-FS\Obj\stm32f4xx_hal_dma_ex.o
#        D:\Projects\STM324x9I_EVAL\Applications\USB_Device\HID_Standalone\EWARM\STM324x9I-EVAL_USBD-FS\Obj\stm32f4xx_hal_flash.o
#        D:\Projects\STM324x9I_EVAL\Applications\USB_Device\HID_Standalone\EWARM\STM324x9I-EVAL_USBD-FS\Obj\stm32f4xx_hal_flash_ex.o
#        D:\Projects\STM324x9I_EVAL\Applications\USB_Device\HID_Standalone\EWARM\STM324x9I-EVAL_USBD-FS\Obj\stm32f4xx_hal_gpio.o
#        D:\Projects\STM324x9I_EVAL\Applications\USB_Device\HID_Standalone\EWARM\STM324x9I-EVAL_USBD-FS\Obj\stm32f4xx_hal_i2c.o
#        D:\Projects\STM324x9I_EVAL\Applications\USB_Device\HID_Standalone\EWARM\STM324x9I-EVAL_USBD-FS\Obj\stm32f4xx_hal_i2c_ex.o
#        D:\Projects\STM324x9I_EVAL\Applications\USB_Device\HID_Standalone\EWARM\STM324x9I-EVAL_USBD-FS\Obj\stm32f4xx_hal_msp.o
#        D:\Projects\STM324x9I_EVAL\Applications\USB_Device\HID_Standalone\EWARM\STM324x9I-EVAL_USBD-FS\Obj\stm32f4xx_hal_pcd.o
#        D:\Projects\STM324x9I_EVAL\Applications\USB_Device\HID_Standalone\EWARM\STM324x9I-EVAL_USBD-FS\Obj\stm32f4xx_hal_pcd_ex.o
#        D:\Projects\STM324x9I_EVAL\Applications\USB_Device\HID_Standalone\EWARM\STM324x9I-EVAL_USBD-FS\Obj\stm32f4xx_hal_pwr.o
#        D:\Projects\STM324x9I_EVAL\Applications\USB_Device\HID_Standalone\EWARM\STM324x9I-EVAL_USBD-FS\Obj\stm32f4xx_hal_pwr_ex.o
#        D:\Projects\STM324x9I_EVAL\Applications\USB_Device\HID_Standalone\EWARM\STM324x9I-EVAL_USBD-FS\Obj\stm32f4xx_hal_rcc.o
#        D:\Projects\STM324x9I_EVAL\Applications\USB_Device\HID_Standalone\EWARM\STM324x9I-EVAL_USBD-FS\Obj\stm32f4xx_hal_rcc_ex.o
#        D:\Projects\STM324x9I_EVAL\Applications\USB_Device\HID_Standalone\EWARM\STM324x9I-EVAL_USBD-FS\Obj\stm32f4xx_hal_spi.o
#        D:\Projects\STM324x9I_EVAL\Applications\USB_Device\HID_Standalone\EWARM\STM324x9I-EVAL_USBD-FS\Obj\stm32f4xx_hal_sram.o
#        D:\Projects\STM324x9I_EVAL\Applications\USB_Device\HID_Standalone\EWARM\STM324x9I-EVAL_USBD-FS\Obj\stm32f4xx_hal_uart.o
#        D:\Projects\STM324x9I_EVAL\Applications\USB_Device\HID_Standalone\EWARM\STM324x9I-EVAL_USBD-FS\Obj\stm32f4xx_it.o
#        D:\Projects\STM324x9I_EVAL\Applications\USB_Device\HID_Standalone\EWARM\STM324x9I-EVAL_USBD-FS\Obj\stm32f4xx_ll_fmc.o
#        D:\Projects\STM324x9I_EVAL\Applications\USB_Device\HID_Standalone\EWARM\STM324x9I-EVAL_USBD-FS\Obj\stm32f4xx_ll_usb.o
#        D:\Projects\STM324x9I_EVAL\Applications\USB_Device\HID_Standalone\EWARM\STM324x9I-EVAL_USBD-FS\Obj\stmpe1600.o
#        D:\Projects\STM324x9I_EVAL\Applications\USB_Device\HID_Standalone\EWARM\STM324x9I-EVAL_USBD-FS\Obj\stmpe811.o
#        D:\Projects\STM324x9I_EVAL\Applications\USB_Device\HID_Standalone\EWARM\STM324x9I-EVAL_USBD-FS\Obj\system_stm32f4xx.o
#        D:\Projects\STM324x9I_EVAL\Applications\USB_Device\HID_Standalone\EWARM\STM324x9I-EVAL_USBD-FS\Obj\ts3510.o
#        D:\Projects\STM324x9I_EVAL\Applications\USB_Device\HID_Standalone\EWARM\STM324x9I-EVAL_USBD-FS\Obj\usbd_apollo_interface.o
#        D:\Projects\STM324x9I_EVAL\Applications\USB_Device\HID_Standalone\EWARM\STM324x9I-EVAL_USBD-FS\Obj\usbd_conf.o
#        D:\Projects\STM324x9I_EVAL\Applications\USB_Device\HID_Standalone\EWARM\STM324x9I-EVAL_USBD-FS\Obj\usbd_core.o
#        D:\Projects\STM324x9I_EVAL\Applications\USB_Device\HID_Standalone\EWARM\STM324x9I-EVAL_USBD-FS\Obj\usbd_ctlreq.o
#        D:\Projects\STM324x9I_EVAL\Applications\USB_Device\HID_Standalone\EWARM\STM324x9I-EVAL_USBD-FS\Obj\usbd_desc.o
#        D:\Projects\STM324x9I_EVAL\Applications\USB_Device\HID_Standalone\EWARM\STM324x9I-EVAL_USBD-FS\Obj\usbd_hid.o
#        D:\Projects\STM324x9I_EVAL\Applications\USB_Device\HID_Standalone\EWARM\STM324x9I-EVAL_USBD-FS\Obj\usbd_ioreq.o
#        --redirect _Printf=_PrintfFull --redirect _Scanf=_ScanfFull -o
#        D:\Projects\STM324x9I_EVAL\Applications\USB_Device\HID_Standalone\EWARM\STM324x9I-EVAL_USBD-FS\Exe\STM324x9I-EVAL_USBD-FS.out
#        --map
#        D:\Projects\STM324x9I_EVAL\Applications\USB_Device\HID_Standalone\EWARM\STM324x9I-EVAL_USBD-FS\List\STM324x9I-EVAL_USBD-FS.map
#        --config
#        D:\Projects\STM324x9I_EVAL\Applications\USB_Device\HID_Standalone\EWARM\stm32f429xx_flash.icf
#        --entry __iar_program_start --vfe
#
###############################################################################

*******************************************************************************
*** RUNTIME MODEL ATTRIBUTES
***

CppFlavor                     = *
__Heap_Handler                = Basic
__SystemLibrary               = DLib
__dlib_dynamic_initialization = normal


*******************************************************************************
*** PLACEMENT SUMMARY
***

"A1":  place at 0x08000000 { ro section .intvec };
"P1":  place in [from 0x08000000 to 0x081fffff] { ro };
"P2":  place in [from 0x20000000 to 0x2002ffff] { rw, block CSTACK, block HEAP };

  Section             Kind        Address    Size  Object
  -------             ----        -------    ----  ------
"A1":                                       0x1ac
  .intvec             ro code  0x08000000   0x1ac  startup_stm32f429xx.o [1]
                             - 0x080001ac   0x1ac

"P1":                                      0x53b4
  .text               ro code  0x080001ac  0x1156  xprintffull.o [3]
  .text               ro code  0x08001302    0x20  xmbtowc.o [3]
  .text               ro code  0x08001324    0x16  strchr.o [5]
  .text               ro code  0x0800133c    0x36  strlen.o [5]
  .text               ro code  0x08001374    0x58  memchr.o [5]
  .text               ro code  0x080013cc     0xa  xmbcurmax.o [3]
  .text               ro code  0x080013d8    0xb0  xxmemxmalloc.o [3]
  .text               ro code  0x08001488    0x1a  xwctomb.o [3]
  .text               ro code  0x080014a4    0x76  ABImemcpy_unaligned.o [5]
  .text               ro code  0x0800151c    0x80  xxmemxfree.o [3]
  .text               ro code  0x0800159c    0xee  I64DivMod.o [5]
  .text               ro code  0x0800168a    0x42  xdnorm.o [4]
  .text               ro code  0x080016cc    0x2e  DblCmpLe.o [4]
  .text               ro code  0x080016fc    0x2e  DblCmpGe.o [4]
  .text               ro code  0x0800172c   0x118  xdscale.o [4]
  .text               ro code  0x08001844    0x58  DblToI32.o [4]
  .text               ro code  0x0800189c    0x30  I32ToDbl.o [4]
  .text               ro code  0x080018cc   0x180  DblSub.o [4]
  .text               ro code  0x08001a4c   0x1a2  DblMul.o [4]
  .text               ro code  0x08001bf0   0x256  DblDiv.o [4]
  .text               ro code  0x08001e48    0x6c  localeconv.o [3]
  .text               ro code  0x08001eb4     0xe  div.o [3]
  .text               ro code  0x08001ec4    0x14  setlocale.o [3]
  .text               ro code  0x08001ed8    0x60  xencoding_sb.o [3]
  .text               ro code  0x08001f38    0x2c  xgetmemchunk.o [3]
  .text               ro code  0x08001f64     0x2  I64DivZer.o [5]
  .text               ro code  0x08001f68    0xd4  DblAdd.o [4]
  .text               ro code  0x0800203c     0x2  xtls.o [3]
  .text               ro code  0x08002040   0x878  stm32f4xx_ll_usb.o [1]
  .text               ro code  0x080028b8    0x88  stm32f4xx_hal.o [1]
  .text               ro code  0x08002940    0xc4  stm32f4xx_hal_cortex.o [1]
  .text               ro code  0x08002a04   0x4c0  stm32f4xx_hal_rcc.o [1]
  .text               ro code  0x08002ec4   0x6e6  stm32f4xx_hal_pcd.o [1]
  .text               ro code  0x080035ac   0x3ec  usbd_conf.o [1]
  .text               ro code  0x08003998   0x220  stm32f4xx_hal_gpio.o [1]
  .text               ro code  0x08003bb8   0x25a  usbd_core.o [1]
  .text               ro code  0x08003e12    0x48  stm32f4xx_hal_pcd_ex.o [1]
  .text               ro code  0x08003e5c   0x298  main.o [1]
  .text               ro code  0x080040f4   0x3b2  usbd_ctlreq.o [1]
  .text               ro code  0x080044a6    0x64  usbd_ioreq.o [1]
  .text               ro code  0x0800450c   0x204  usbd_hid.o [1]
  .text               ro code  0x08004710    0x24  printf.o [3]
  .text               ro code  0x08004734    0x3c  stm324x9i_eval.o [1]
  .text               ro code  0x08004770   0x452  stm32f4xx_hal_spi.o [1]
  .text               ro code  0x08004bc4     0x6  ABImemclr4.o [5]
  .text               ro code  0x08004bcc    0x3a  ABImemset48.o [5]
  .text               ro code  0x08004c08   0x15a  stm32f4xx_hal_uart.o [1]
  .text               ro code  0x08004d64   0x128  usbd_desc.o [1]
  .text               ro code  0x08004e8c    0xd0  packbits_init.o [5]
  .text               ro code  0x08004f5c     0x6  abort.o [3]
  .text               ro code  0x08004f64     0xc  XXexit.o [5]
  .text               ro code  0x08004f70    0x94  stm32f4xx_it.o [1]
  .text               ro code  0x08005004    0x70  usbd_apollo_interface.o [1]
  .text               ro code  0x08005074    0x66  ABImemset.o [5]
  .text               ro code  0x080050dc    0x50  system_stm32f4xx.o [1]
  .text               ro code  0x0800512c    0x40  zero_init3.o [5]
  .text               ro code  0x0800516c    0x28  data_init.o [5]
  .text               ro code  0x08005194    0x22  fpinit_M.o [4]
  .iar.init_table     const    0x080051b8    0x2c  - Linker created -
  .text               ro code  0x080051e4    0x1a  cmain.o [5]
  .text               ro code  0x080051fe     0x4  low_level_init.o [3]
  .text               ro code  0x08005202     0x4  exit.o [3]
  .text               ro code  0x08005208     0xa  cexit.o [5]
  .text               ro code  0x08005212    0x16  xprout.o [3]
  .text               ro code  0x08005228     0xc  putchar.o [3]
  .text               ro code  0x08005234    0x10  startup_stm32f429xx.o [1]
  .text               ro code  0x08005244     0xc  cstartup_M.o [5]
  .text               ro code  0x08005250     0x4  startup_stm32f429xx.o [1]
  .text               ro code  0x08005254     0x4  startup_stm32f429xx.o [1]
  .text               ro code  0x08005258     0x4  startup_stm32f429xx.o [1]
  .text               ro code  0x0800525c     0x4  startup_stm32f429xx.o [1]
  .text               ro code  0x08005260     0x4  startup_stm32f429xx.o [1]
  .text               ro code  0x08005264     0x4  startup_stm32f429xx.o [1]
  .text               ro code  0x08005268     0x4  startup_stm32f429xx.o [1]
  .text               ro code  0x0800526c     0x4  startup_stm32f429xx.o [1]
  .text               ro code  0x08005270     0x4  startup_stm32f429xx.o [1]
  .text               ro code  0x08005274     0x4  startup_stm32f429xx.o [1]
  .text               ro code  0x08005278     0x4  startup_stm32f429xx.o [1]
  .text               ro code  0x0800527c     0x4  startup_stm32f429xx.o [1]
  .text               ro code  0x08005280     0x4  startup_stm32f429xx.o [1]
  .text               ro code  0x08005284     0x4  startup_stm32f429xx.o [1]
  .text               ro code  0x08005288     0x4  startup_stm32f429xx.o [1]
  .text               ro code  0x0800528c     0x4  startup_stm32f429xx.o [1]
  .text               ro code  0x08005290     0x4  startup_stm32f429xx.o [1]
  .text               ro code  0x08005294     0x4  startup_stm32f429xx.o [1]
  .text               ro code  0x08005298     0x4  startup_stm32f429xx.o [1]
  .text               ro code  0x0800529c     0x4  startup_stm32f429xx.o [1]
  .text               ro code  0x080052a0     0x4  startup_stm32f429xx.o [1]
  .text               ro code  0x080052a4     0x4  startup_stm32f429xx.o [1]
  .text               ro code  0x080052a8     0x4  startup_stm32f429xx.o [1]
  .text               ro code  0x080052ac     0x4  startup_stm32f429xx.o [1]
  .text               ro code  0x080052b0     0x4  startup_stm32f429xx.o [1]
  .text               ro code  0x080052b4     0x4  startup_stm32f429xx.o [1]
  .text               ro code  0x080052b8     0x4  startup_stm32f429xx.o [1]
  .text               ro code  0x080052bc     0x4  startup_stm32f429xx.o [1]
  .text               ro code  0x080052c0     0x4  startup_stm32f429xx.o [1]
  .text               ro code  0x080052c4     0x4  startup_stm32f429xx.o [1]
  .text               ro code  0x080052c8     0x4  startup_stm32f429xx.o [1]
  .text               ro code  0x080052cc     0x4  startup_stm32f429xx.o [1]
  .text               ro code  0x080052d0     0x4  startup_stm32f429xx.o [1]
  .text               ro code  0x080052d4     0x4  startup_stm32f429xx.o [1]
  .text               ro code  0x080052d8     0x4  startup_stm32f429xx.o [1]
  .text               ro code  0x080052dc     0x4  startup_stm32f429xx.o [1]
  .text               ro code  0x080052e0     0x4  startup_stm32f429xx.o [1]
  .text               ro code  0x080052e4     0x4  startup_stm32f429xx.o [1]
  .text               ro code  0x080052e8     0x4  startup_stm32f429xx.o [1]
  .text               ro code  0x080052ec     0x4  startup_stm32f429xx.o [1]
  .text               ro code  0x080052f0     0x4  startup_stm32f429xx.o [1]
  .text               ro code  0x080052f4     0x4  startup_stm32f429xx.o [1]
  .text               ro code  0x080052f8     0x4  startup_stm32f429xx.o [1]
  .text               ro code  0x080052fc     0x4  startup_stm32f429xx.o [1]
  .text               ro code  0x08005300     0x4  startup_stm32f429xx.o [1]
  .text               ro code  0x08005304     0x4  startup_stm32f429xx.o [1]
  .text               ro code  0x08005308     0x4  startup_stm32f429xx.o [1]
  .text               ro code  0x0800530c     0x4  startup_stm32f429xx.o [1]
  .text               ro code  0x08005310     0x4  startup_stm32f429xx.o [1]
  .text               ro code  0x08005314     0x4  startup_stm32f429xx.o [1]
  .text               ro code  0x08005318     0x4  startup_stm32f429xx.o [1]
  .text               ro code  0x0800531c     0x4  startup_stm32f429xx.o [1]
  .text               ro code  0x08005320     0x4  startup_stm32f429xx.o [1]
  .text               ro code  0x08005324     0x4  startup_stm32f429xx.o [1]
  .text               ro code  0x08005328     0x4  startup_stm32f429xx.o [1]
  .text               ro code  0x0800532c     0x4  startup_stm32f429xx.o [1]
  .text               ro code  0x08005330     0x4  startup_stm32f429xx.o [1]
  .text               ro code  0x08005334     0x4  startup_stm32f429xx.o [1]
  .text               ro code  0x08005338     0x4  startup_stm32f429xx.o [1]
  .text               ro code  0x0800533c     0x4  startup_stm32f429xx.o [1]
  .text               ro code  0x08005340     0x4  startup_stm32f429xx.o [1]
  .text               ro code  0x08005344     0x4  startup_stm32f429xx.o [1]
  .text               ro code  0x08005348     0x4  startup_stm32f429xx.o [1]
  .text               ro code  0x0800534c     0x4  startup_stm32f429xx.o [1]
  .text               ro code  0x08005350     0x4  startup_stm32f429xx.o [1]
  .text               ro code  0x08005354     0x4  startup_stm32f429xx.o [1]
  .text               ro code  0x08005358     0x4  startup_stm32f429xx.o [1]
  .text               ro code  0x0800535c     0x4  startup_stm32f429xx.o [1]
  .text               ro code  0x08005360     0x4  startup_stm32f429xx.o [1]
  .text               ro code  0x08005364     0x4  startup_stm32f429xx.o [1]
  .text               ro code  0x08005368     0x4  startup_stm32f429xx.o [1]
  .text               ro code  0x0800536c     0x4  startup_stm32f429xx.o [1]
  .text               ro code  0x08005370     0x4  startup_stm32f429xx.o [1]
  .text               ro code  0x08005374     0x4  startup_stm32f429xx.o [1]
  .text               ro code  0x08005378     0x4  startup_stm32f429xx.o [1]
  .text               ro code  0x0800537c     0x4  startup_stm32f429xx.o [1]
  .text               ro code  0x08005380     0x4  startup_stm32f429xx.o [1]
  .text               ro code  0x08005384     0x4  startup_stm32f429xx.o [1]
  .text               ro code  0x08005388     0x4  startup_stm32f429xx.o [1]
  .text               ro code  0x0800538c     0x4  startup_stm32f429xx.o [1]
  .text               ro code  0x08005390     0x4  startup_stm32f429xx.o [1]
  .text               ro code  0x08005394     0x4  startup_stm32f429xx.o [1]
  .text               ro code  0x08005398     0x4  startup_stm32f429xx.o [1]
  .text               ro code  0x0800539c     0x4  startup_stm32f429xx.o [1]
  .text               ro code  0x080053a0     0x4  startup_stm32f429xx.o [1]
  .text               ro code  0x080053a4     0x4  startup_stm32f429xx.o [1]
  .rodata             const    0x080053a8     0x0  zero_init3.o [5]
  .rodata             const    0x080053a8     0x0  packbits_init.o [5]
  Initializer bytes   const    0x080053a8   0x1b8  <for P2 s0>
                             - 0x08005560  0x53b4

"P2":                                      0x5b88
  P2 s0                        0x20000000  0x292c  <Init block>
    .data             inited   0x20000000  0x26d8  main.o [1]
    __DLIB_PERTHREAD  inited   0x200026d8    0x88  localeconv.o [3]
    __DLIB_PERTHREAD  inited   0x20002760    0x74  setlocale.o [3]
    .data             inited   0x200027d4    0x40  xfiles.o [3]
    .data             inited   0x20002814    0x38  usbd_hid.o [1]
    .data             inited   0x2000284c    0x20  usbd_hid.o [1]
    .data             inited   0x2000286c    0x20  usbd_hid.o [1]
    .data             inited   0x2000288c    0x1c  usbd_desc.o [1]
    .data             inited   0x200028a8    0x1c  usbd_desc.o [1]
    .data             inited   0x200028c4    0x14  stm324x9i_eval.o [1]
    .data             inited   0x200028d8    0x14  system_stm32f4xx.o [1]
    .data             inited   0x200028ec    0x14  usbd_desc.o [1]
    .data             inited   0x20002900    0x10  usbd_apollo_interface.o [1]
    .data             inited   0x20002910     0xc  main.o [1]
    .data             inited   0x2000291c     0xc  usbd_hid.o [1]
    .data             inited   0x20002928     0x4  usbd_desc.o [1]
  .bss                zero     0x2000292c  0x1000  usbd_apollo_interface.o [1]
  .bss                zero     0x2000392c   0x3b4  usbd_conf.o [1]
  .bss                zero     0x20003ce0   0x100  usbd_desc.o [1]
  .bss                zero     0x20003de0    0x50  xfiles.o [3]
  .bss                zero     0x20003e30    0x40  main.o [1]
  .bss                zero     0x20003e70     0x8  xxmemxmalloc.o [3]
  .bss                zero     0x20003e78     0x4  stm32f4xx_hal.o [1]
  .bss                zero     0x20003e7c     0x4  usbd_conf.o [1]
  .bss                zero     0x20003e80     0x4  xgetmemchunk.o [3]
  .bss                zero     0x20003e84     0x2  usbd_hid.o [1]
  .bss                zero     0x20003e86     0x1  usbd_ctlreq.o [1]
  CSTACK                       0x20003e88   0x800  <Block>
    CSTACK            uninit   0x20003e88   0x800  <Block tail>
  HEAP                         0x20004688  0x1500  <Block>
    HEAP              uninit   0x20004688  0x1500  <Block tail>
                             - 0x20005b88  0x5b88


*******************************************************************************
*** INIT TABLE
***

          Address     Size
          -------     ----
Zero (__iar_zero_init3)
    1 destination range, total size 0x155b:
          0x2000292c  0x155b

Copy/packbits (__iar_packbits_init3)
    1 source range, total size 0x1b8 (4% of destination):
          0x080053a8   0x1b8
    1 destination range, total size 0x292c:
          0x20000000  0x292c



*******************************************************************************
*** MODULE SUMMARY
***

    Module                   ro code  ro data  rw data
    ------                   -------  -------  -------
D:\Projects\STM324x9I_EVAL\Applications\USB_Device\HID_Standalone\EWARM\STM324x9I-EVAL_USBD-FS\Obj: [1]
    main.o                       664      416   10 020
    startup_stm32f429xx.o        788
    stm324x9i_eval.o              60        1       20
    stm32f4xx_hal.o              136                 4
    stm32f4xx_hal_cortex.o       196
    stm32f4xx_hal_gpio.o         544
    stm32f4xx_hal_pcd.o        1 766
    stm32f4xx_hal_pcd_ex.o        72
    stm32f4xx_hal_rcc.o        1 216
    stm32f4xx_hal_spi.o        1 106
    stm32f4xx_hal_uart.o         346
    stm32f4xx_it.o               148
    stm32f4xx_ll_usb.o         2 168
    system_stm32f4xx.o            80        1       20
    usbd_apollo_interface.o      112             4 112
    usbd_conf.o                1 004               952
    usbd_core.o                  602
    usbd_ctlreq.o                946                 1
    usbd_desc.o                  296        4      336
    usbd_hid.o                   516        5      134
    usbd_ioreq.o                 100
    --------------------------------------------------
    Total:                    12 866      427   15 599

command line: [2]
    --------------------------------------------------
    Total:

dl7M_tlf.a: [3]
    abort.o                        6
    div.o                         14
    exit.o                         4
    localeconv.o                 108        5      136
    low_level_init.o               4
    printf.o                      36
    putchar.o                     12
    setlocale.o                   20        5      116
    xencoding_sb.o                96
    xfiles.o                                3      144
    xgetmemchunk.o                44                 4
    xmbcurmax.o                   10
    xmbtowc.o                     32
    xprintffull.o              4 438
    xprout.o                      22
    xtls.o                         2
    xwctomb.o                     26
    xxmemxfree.o                 128
    xxmemxmalloc.o               176                 8
    --------------------------------------------------
    Total:                     5 178       13      408

m7M_tls.a: [4]
    DblAdd.o                     212
    DblCmpGe.o                    46
    DblCmpLe.o                    46
    DblDiv.o                     598
    DblMul.o                     418
    DblSub.o                     384
    DblToI32.o                    88
    I32ToDbl.o                    48
    fpinit_M.o                    34
    xdnorm.o                      66
    xdscale.o                    280
    --------------------------------------------------
    Total:                     2 220

rt7M_tl.a: [5]
    ABImemclr4.o                   6
    ABImemcpy_unaligned.o        118
    ABImemset.o                  102
    ABImemset48.o                 58
    I64DivMod.o                  238
    I64DivZer.o                    2
    XXexit.o                      12
    cexit.o                       10
    cmain.o                       26
    cstartup_M.o                  12
    data_init.o                   40
    memchr.o                      88
    packbits_init.o              208
    strchr.o                      22
    strlen.o                      54
    zero_init3.o                  64
    --------------------------------------------------
    Total:                     1 060

    Gaps                          46        2
    Linker created                         44    7 424
------------------------------------------------------
    Grand Total:              21 370      486   23 431


*******************************************************************************
*** ENTRY LIST
***

Entry                      Address   Size  Type      Object
-----                      -------   ----  ----      ------
.iar.init_table$$Base   0x080051b8          --   Gb  - Linker created -
.iar.init_table$$Limit  0x080051e4          --   Gb  - Linker created -
?main                   0x080051e5         Code  Gb  cmain.o [5]
AHBPrescTable           0x200028d8   0x10  Data  Gb  system_stm32f4xx.o [1]
APBAHBPrescTable        0x08002eb4   0x10  Data  Gb  stm32f4xx_hal_rcc.o [1]
BSP_LED_Off             0x0800474b   0x16  Code  Gb  stm324x9i_eval.o [1]
BSP_LED_On              0x08004735   0x16  Code  Gb  stm324x9i_eval.o [1]
BusFault_Handler        0x08004f77    0x2  Code  Gb  stm32f4xx_it.o [1]
CSTACK$$Base            0x20003e88          --   Gb  - Linker created -
CSTACK$$Limit           0x20004688          --   Gb  - Linker created -
DebugMon_Handler        0x08004f7d    0x2  Code  Gb  stm32f4xx_it.o [1]
EXTI0_IRQHandler        0x08004f85    0x6  Code  Gb  stm32f4xx_it.o [1]
EXTI15_10_IRQHandler    0x08004f8b    0x8  Code  Gb  stm32f4xx_it.o [1]
EpOutDataReceived       0x20003e84    0x1  Data  Gb  usbd_hid.o [1]
GPIO_PIN                0x08004764    0xc  Data  Gb  stm324x9i_eval.o [1]
GPIO_PORT               0x200028c4   0x14  Data  Gb  stm324x9i_eval.o [1]
HAL_Delay               0x0800291f   0x18  Code  Wk  stm32f4xx_hal.o [1]
HAL_GPIO_EXTI_Callback  0x08004091   0x1a  Code  Gb  main.o [1]
HAL_GPIO_EXTI_IRQHandler
                        0x08003b6b   0x14  Code  Gb  stm32f4xx_hal_gpio.o [1]
HAL_GPIO_Init           0x08003999  0x1ca  Code  Gb  stm32f4xx_hal_gpio.o [1]
HAL_GPIO_WritePin       0x08003b63    0x8  Code  Gb  stm32f4xx_hal_gpio.o [1]
HAL_GetTick             0x08002919    0x6  Code  Wk  stm32f4xx_hal.o [1]
HAL_IncTick             0x0800290f    0xa  Code  Wk  stm32f4xx_hal.o [1]
HAL_Init                0x080028b9   0x30  Code  Gb  stm32f4xx_hal.o [1]
HAL_InitTick            0x080028eb   0x24  Code  Wk  stm32f4xx_hal.o [1]
HAL_MspInit             0x080028e9    0x2  Code  Wk  stm32f4xx_hal.o [1]
HAL_NVIC_EnableIRQ      0x080029af    0xc  Code  Gb  stm32f4xx_hal_cortex.o [1]
HAL_NVIC_SetPriority    0x08002975   0x3a  Code  Gb  stm32f4xx_hal_cortex.o [1]
HAL_NVIC_SetPriorityGrouping
                        0x0800295b   0x1a  Code  Gb  stm32f4xx_hal_cortex.o [1]
HAL_PCDEx_SetRxFiFo     0x08003e53    0x8  Code  Gb  stm32f4xx_hal_pcd_ex.o [1]
HAL_PCDEx_SetTxFiFo     0x08003e13   0x40  Code  Gb  stm32f4xx_hal_pcd_ex.o [1]
HAL_PCD_ConnectCallback
                        0x0800385d    0x8  Code  Gb  usbd_conf.o [1]
HAL_PCD_DataInStageCallback
                        0x08003783   0x10  Code  Gb  usbd_conf.o [1]
HAL_PCD_DataOutStageCallback
                        0x08003771   0x12  Code  Gb  usbd_conf.o [1]
HAL_PCD_DisconnectCallback
                        0x08003865    0x8  Code  Gb  usbd_conf.o [1]
HAL_PCD_EP_Close        0x080033b3   0x2c  Code  Gb  stm32f4xx_hal_pcd.o [1]
HAL_PCD_EP_ClrStall     0x080034d5   0x1e  Code  Gb  stm32f4xx_hal_pcd.o [1]
HAL_PCD_EP_GetRxCount   0x08003427   0x12  Code  Gb  stm32f4xx_hal_pcd.o [1]
HAL_PCD_EP_Open         0x08003367   0x4c  Code  Gb  stm32f4xx_hal_pcd.o [1]
HAL_PCD_EP_Receive      0x080033fd   0x2a  Code  Gb  stm32f4xx_hal_pcd.o [1]
HAL_PCD_EP_SetStall     0x0800349d   0x38  Code  Gb  stm32f4xx_hal_pcd.o [1]
HAL_PCD_EP_Transmit     0x08003439   0x28  Code  Gb  stm32f4xx_hal_pcd.o [1]
HAL_PCD_IRQHandler      0x08002f87  0x390  Code  Gb  stm32f4xx_hal_pcd.o [1]
HAL_PCD_ISOINIncompleteCallback
                        0x08003855    0x8  Code  Gb  usbd_conf.o [1]
HAL_PCD_ISOOUTIncompleteCallback
                        0x0800384d    0x8  Code  Gb  usbd_conf.o [1]
HAL_PCD_Init            0x08002ec5   0xa0  Code  Gb  stm32f4xx_hal_pcd.o [1]
HAL_PCD_MspInit         0x080035ad  0x178  Code  Gb  usbd_conf.o [1]
HAL_PCD_ResetCallback   0x0800379b   0x22  Code  Gb  usbd_conf.o [1]
HAL_PCD_ResumeCallback  0x080037ed   0x60  Code  Gb  usbd_conf.o [1]
HAL_PCD_SOFCallback     0x08003793    0x8  Code  Gb  usbd_conf.o [1]
HAL_PCD_SetAddress      0x08003347   0x18  Code  Gb  stm32f4xx_hal_pcd.o [1]
HAL_PCD_SetupStageCallback
                        0x08003765    0xc  Code  Gb  usbd_conf.o [1]
HAL_PCD_Start           0x08002f6f   0x18  Code  Gb  stm32f4xx_hal_pcd.o [1]
HAL_PCD_SuspendCallback
                        0x080037bd   0x30  Code  Gb  usbd_conf.o [1]
HAL_RCC_ClockConfig     0x08002c87  0x166  Code  Gb  stm32f4xx_hal_rcc.o [1]
HAL_RCC_GetHCLKFreq     0x08002e67   0x20  Code  Gb  stm32f4xx_hal_rcc.o [1]
HAL_RCC_GetSysClockFreq
                        0x08002e21   0x46  Code  Wk  stm32f4xx_hal_rcc.o [1]
HAL_RCC_OscConfig       0x08002a05  0x26e  Code  Wk  stm32f4xx_hal_rcc.o [1]
HAL_SPI_Receive         0x0800477d  0x102  Code  Gb  stm32f4xx_hal_spi.o [1]
HAL_SPI_TransmitReceive
                        0x0800489d  0x18a  Code  Gb  stm32f4xx_hal_spi.o [1]
HAL_SYSTICK_Config      0x080029c3   0x28  Code  Gb  stm32f4xx_hal_cortex.o [1]
HAL_UART_Transmit       0x08004c09   0x90  Code  Gb  stm32f4xx_hal_uart.o [1]
HEAP$$Base              0x20004688          --   Gb  - Linker created -
HEAP$$Limit             0x20005b88          --   Gb  - Linker created -
HID_Desc                0x2000288c   0x1c  Data  Gb  usbd_desc.o [1]
HardFault_Handler       0x08004f73    0x2  Code  Gb  stm32f4xx_it.o [1]
InStream_Read           0x08004e8d   0x22  Code  Lc  packbits_init.o [5]
IntToUnicode            0x08004df5   0x28  Code  Lc  usbd_desc.o [1]
JUSB_Itf_Control        0x08005027   0x34  Code  Lc  usbd_apollo_interface.o [1]
JUSB_Itf_DeInit         0x08005023    0x4  Code  Lc  usbd_apollo_interface.o [1]
JUSB_Itf_Init           0x08005005   0x1e  Code  Lc  usbd_apollo_interface.o [1]
JUSB_Itf_Receive        0x0800505b    0xc  Code  Lc  usbd_apollo_interface.o [1]
LoadInt                 0x080007e1   0x6e  Code  Lc  xprintffull.o [3]
MemManage_Handler       0x08004f75    0x2  Code  Gb  stm32f4xx_it.o [1]
NMI_Handler             0x08004f71    0x2  Code  Gb  stm32f4xx_it.o [1]
NVIC_SetPriority        0x08002941   0x1a  Code  Lc  stm32f4xx_hal_cortex.o [1]
OTG_FS_IRQHandler       0x08004f93    0x6  Code  Gb  stm32f4xx_it.o [1]
OTG_FS_WKUP_IRQHandler  0x08004f99   0x56  Code  Gb  stm32f4xx_it.o [1]
PCD_WriteEmptyTxFifo    0x08003513   0x8c  Code  Lc  stm32f4xx_hal_pcd.o [1]
PendSV_Handler          0x08004f7f    0x2  Code  Gb  stm32f4xx_it.o [1]
Region$$Table$$Base     0x080051b8          --   Gb  - Linker created -
Region$$Table$$Limit    0x080051e4          --   Gb  - Linker created -
SPI_WaitOnFlagUntilTimeout
                        0x08004b49   0x7a  Code  Lc  stm32f4xx_hal_spi.o [1]
SVC_Handler             0x08004f7b    0x2  Code  Gb  stm32f4xx_it.o [1]
SpiHandle               0x20002404   0x58  Data  Gb  main.o [1]
SpiSensorDataHandle     0x2000245c   0x58  Data  Gb  main.o [1]
SysTick_Handler         0x08004f81    0x4  Code  Gb  stm32f4xx_it.o [1]
SystemCoreClock         0x200028e8    0x4  Data  Gb  system_stm32f4xx.o [1]
SystemInit              0x080050dd   0x3a  Code  Gb  system_stm32f4xx.o [1]
UART_WaitOnFlagUntilTimeout
                        0x08004cc3   0x78  Code  Lc  stm32f4xx_hal_uart.o [1]
USBD_ClrClassConfig     0x08003c0f    0xa  Code  Gb  usbd_core.o [1]
USBD_CtlContinueRx      0x080044db    0x2  Code  Gb  usbd_ioreq.o [1]
USBD_CtlContinueSendData
                        0x080044b9    0x2  Code  Gb  usbd_ioreq.o [1]
USBD_CtlError           0x0800444d   0x16  Code  Gb  usbd_ctlreq.o [1]
USBD_CtlPrepareRx       0x080044c9   0x12  Code  Gb  usbd_ioreq.o [1]
USBD_CtlReceiveStatus   0x080044f5    0xa  Code  Gb  usbd_ioreq.o [1]
USBD_CtlSendData        0x080044a7   0x12  Code  Gb  usbd_ioreq.o [1]
USBD_CtlSendStatus      0x080044eb    0xa  Code  Gb  usbd_ioreq.o [1]
USBD_Device             0x200024b4  0x224  Data  Gb  main.o [1]
USBD_DeviceDesc         0x200028ec   0x14  Data  Gb  usbd_desc.o [1]
USBD_GetDescriptor      0x08004331   0xee  Code  Lc  usbd_ctlreq.o [1]
USBD_GetString          0x08004463   0x44  Code  Gb  usbd_ctlreq.o [1]
USBD_HID                0x20002814   0x38  Data  Gb  usbd_hid.o [1]
USBD_HID_CfgFSDesc      0x2000286c   0x20  Data  Lc  usbd_hid.o [1]
USBD_HID_CfgHSDesc      0x2000284c   0x20  Data  Lc  usbd_hid.o [1]
USBD_HID_ConfigStrDescriptor
                        0x08004dc1    0x8  Code  Gb  usbd_desc.o [1]
USBD_HID_DataIn         0x0800461d   0x14  Code  Lc  usbd_hid.o [1]
USBD_HID_DataOut        0x08004631   0x30  Code  Lc  usbd_hid.o [1]
USBD_HID_DeInit         0x08004575   0x26  Code  Lc  usbd_hid.o [1]
USBD_HID_DeviceDescriptor
                        0x08004d65    0x8  Code  Gb  usbd_desc.o [1]
USBD_HID_DeviceQualifierDesc
                        0x2000291c    0xc  Data  Lc  usbd_hid.o [1]
USBD_HID_GetDeviceQualifierDesc
                        0x08004671    0x8  Code  Lc  usbd_hid.o [1]
USBD_HID_GetFSCfgDesc   0x08004669    0x8  Code  Lc  usbd_hid.o [1]
USBD_HID_GetHSCfgDesc   0x08004661    0x8  Code  Lc  usbd_hid.o [1]
USBD_HID_Init           0x0800450d   0x5e  Code  Lc  usbd_hid.o [1]
USBD_HID_InterfaceStrDescriptor
                        0x08004dd5    0xa  Code  Gb  usbd_desc.o [1]
USBD_HID_LangIDStrDescriptor
                        0x08004d6d    0x8  Code  Gb  usbd_desc.o [1]
USBD_HID_ManufacturerStrDescriptor
                        0x08004d8b    0xa  Code  Gb  usbd_desc.o [1]
USBD_HID_ProductStrDescriptor
                        0x08004d75   0x16  Code  Gb  usbd_desc.o [1]
USBD_HID_SerialStrDescriptor
                        0x08004d95   0x2c  Code  Gb  usbd_desc.o [1]
USBD_HID_Setup          0x0800459b   0x7a  Code  Lc  usbd_hid.o [1]
USBD_Init               0x08003bb9   0x26  Code  Gb  usbd_core.o [1]
USBD_IsDataReceived     0x080046f5    0x6  Code  Gb  usbd_hid.o [1]
USBD_JUSB_ReceivePacket
                        0x080046cf   0x26  Code  Gb  usbd_hid.o [1]
USBD_JUSB_RegisterInterface
                        0x08004679    0xe  Code  Gb  usbd_hid.o [1]
USBD_JUSB_SetRxBuffer   0x08004697    0xc  Code  Gb  usbd_hid.o [1]
USBD_JUSB_SetTxBuffer   0x08004687   0x10  Code  Gb  usbd_hid.o [1]
USBD_JUSB_TransmitPacket
                        0x080046a3   0x2c  Code  Gb  usbd_hid.o [1]
USBD_JUSB_fops          0x20002900   0x10  Data  Gb  usbd_apollo_interface.o [1]
USBD_LL_ClearStallEP    0x0800393b    0xe  Code  Gb  usbd_conf.o [1]
USBD_LL_CloseEP         0x0800391f    0xe  Code  Gb  usbd_conf.o [1]
USBD_LL_DataInStage     0x08003cd3   0xa2  Code  Gb  usbd_core.o [1]
USBD_LL_DataOutStage    0x08003c6f   0x64  Code  Gb  usbd_core.o [1]
USBD_LL_DevConnected    0x08003df7    0x4  Code  Gb  usbd_core.o [1]
USBD_LL_DevDisconnected
                        0x08003dfb   0x12  Code  Gb  usbd_core.o [1]
USBD_LL_GetRxDataSize   0x08003991    0x8  Code  Gb  usbd_conf.o [1]
USBD_LL_Init            0x0800386d   0x5c  Code  Gb  usbd_conf.o [1]
USBD_LL_IsStallEP       0x08003949   0x1e  Code  Gb  usbd_conf.o [1]
USBD_LL_IsoINIncomplete
                        0x08003def    0x4  Code  Gb  usbd_core.o [1]
USBD_LL_IsoOUTIncomplete
                        0x08003df3    0x4  Code  Gb  usbd_core.o [1]
USBD_LL_OpenEP          0x0800390b   0x14  Code  Gb  usbd_conf.o [1]
USBD_LL_PrepareReceive  0x08003983    0xe  Code  Gb  usbd_conf.o [1]
USBD_LL_Reset           0x08003d75   0x42  Code  Gb  usbd_core.o [1]
USBD_LL_Resume          0x08003dc9    0x6  Code  Gb  usbd_core.o [1]
USBD_LL_SOF             0x08003dd5   0x1a  Code  Gb  usbd_core.o [1]
USBD_LL_SetSpeed        0x08003db7    0x6  Code  Gb  usbd_core.o [1]
USBD_LL_SetUSBAddress   0x08003967    0xe  Code  Gb  usbd_conf.o [1]
USBD_LL_SetupStage      0x08003c19   0x56  Code  Gb  usbd_core.o [1]
USBD_LL_StallEP         0x0800392d    0xe  Code  Gb  usbd_conf.o [1]
USBD_LL_Start           0x080038fd    0xe  Code  Gb  usbd_conf.o [1]
USBD_LL_Suspend         0x08003dbd    0xc  Code  Gb  usbd_core.o [1]
USBD_LL_Transmit        0x08003975    0xe  Code  Gb  usbd_conf.o [1]
USBD_LangIDDesc         0x20002928    0x4  Data  Gb  usbd_desc.o [1]
USBD_LibUSBComm_EP0_RxReady
                        0x08004619    0x4  Code  Lc  usbd_hid.o [1]
USBD_LibUSBComm_EP0_TxReady
                        0x08004615    0x4  Code  Lc  usbd_hid.o [1]
USBD_ParseSetupRequest  0x08004425   0x28  Code  Gb  usbd_ctlreq.o [1]
USBD_RegisterClass      0x08003bdf   0x10  Code  Gb  usbd_core.o [1]
USBD_SetClassConfig     0x08003bf9   0x16  Code  Gb  usbd_core.o [1]
USBD_SetDataReceived    0x080046fb    0x6  Code  Gb  usbd_hid.o [1]
USBD_Start              0x08003bef    0xa  Code  Gb  usbd_core.o [1]
USBD_StdDevReq          0x080040f5  0x138  Code  Gb  usbd_ctlreq.o [1]
USBD_StdEPReq           0x08004263   0xc2  Code  Gb  usbd_ctlreq.o [1]
USBD_StdItfReq          0x08004231   0x32  Code  Gb  usbd_ctlreq.o [1]
USBD_StrDesc            0x20003ce0  0x100  Data  Gb  usbd_desc.o [1]
USBD_StringSerial       0x200028a8   0x1c  Data  Gb  usbd_desc.o [1]
USB_ActivateEndpoint    0x08002269   0x78  Code  Gb  stm32f4xx_ll_usb.o [1]
USB_ActivateSetup       0x08002807   0x2e  Code  Gb  stm32f4xx_ll_usb.o [1]
USB_CoreInit            0x08002041   0x6e  Code  Gb  stm32f4xx_ll_usb.o [1]
USB_CoreReset           0x08002865   0x2a  Code  Lc  stm32f4xx_ll_usb.o [1]
USB_DeactivateEndpoint  0x080022e1   0x4a  Code  Gb  stm32f4xx_ll_usb.o [1]
USB_DevConnect          0x0800277d    0xe  Code  Gb  stm32f4xx_ll_usb.o [1]
USB_DevDisconnect       0x0800278b    0xc  Code  Gb  stm32f4xx_ll_usb.o [1]
USB_DevInit             0x080020e9  0x10e  Code  Gb  stm32f4xx_ll_usb.o [1]
USB_DisableGlobalInt    0x080020b7    0x6  Code  Gb  stm32f4xx_ll_usb.o [1]
USB_EP0StartXfer        0x0800253b   0xd4  Code  Gb  stm32f4xx_ll_usb.o [1]
USB_EP0_OutStart        0x08002835   0x30  Code  Gb  stm32f4xx_ll_usb.o [1]
USB_EPClearStall        0x08002707   0x5a  Code  Gb  stm32f4xx_ll_usb.o [1]
USB_EPSetStall          0x080026b9   0x4e  Code  Gb  stm32f4xx_ll_usb.o [1]
USB_EPStartXfer         0x08002337  0x1d8  Code  Gb  stm32f4xx_ll_usb.o [1]
USB_EnableGlobalInt     0x080020af    0x8  Code  Gb  stm32f4xx_ll_usb.o [1]
USB_FlushRxFifo         0x08002215   0x1a  Code  Gb  stm32f4xx_ll_usb.o [1]
USB_FlushTxFifo         0x080021f7   0x1e  Code  Gb  stm32f4xx_ll_usb.o [1]
USB_GetDevSpeed         0x08002235   0x34  Code  Gb  stm32f4xx_ll_usb.o [1]
USB_GetMode             0x080027ff    0x8  Code  Gb  stm32f4xx_ll_usb.o [1]
USB_ReadDevAllInEpInterrupt
                        0x080027b9    0xe  Code  Gb  stm32f4xx_ll_usb.o [1]
USB_ReadDevAllOutEpInterrupt
                        0x080027ab    0xe  Code  Gb  stm32f4xx_ll_usb.o [1]
USB_ReadDevInEPInterrupt
                        0x080027db   0x24  Code  Gb  stm32f4xx_ll_usb.o [1]
USB_ReadDevOutEPInterrupt
                        0x080027c7   0x14  Code  Gb  stm32f4xx_ll_usb.o [1]
USB_ReadInterrupts      0x080027a3    0x8  Code  Gb  stm32f4xx_ll_usb.o [1]
USB_ReadPacket          0x08002695   0x24  Code  Gb  stm32f4xx_ll_usb.o [1]
USB_SetCurrentMode      0x080020c3   0x26  Code  Gb  stm32f4xx_ll_usb.o [1]
USB_SetDevAddress       0x08002761   0x12  Code  Gb  stm32f4xx_ll_usb.o [1]
USB_SetDevSpeed         0x0800222f    0x6  Code  Gb  stm32f4xx_ll_usb.o [1]
USB_WritePacket         0x08002669   0x2c  Code  Gb  stm32f4xx_ll_usb.o [1]
UartHandle              0x20003e30   0x40  Data  Gb  main.o [1]
UsageFault_Handler      0x08004f79    0x2  Code  Gb  stm32f4xx_it.o [1]
UserRxBuffer            0x2000292c  0x800  Data  Gb  usbd_apollo_interface.o [1]
UserTxBuffer            0x2000312c  0x800  Data  Gb  usbd_apollo_interface.o [1]
_EncodingSb_Mbtowc      0x08001ef3   0x30  Code  Gb  xencoding_sb.o [3]
_EncodingSb_Wctomb      0x08001ed9   0x1a  Code  Gb  xencoding_sb.o [3]
_GenldFull              0x0800106b  0x24e  Code  Lc  xprintffull.o [3]
_IsdstStr               0x20002764    0x4  Data  Gb  setlocale.o [3]
_LdtobFull              0x08000c69  0x3fc  Code  Lc  xprintffull.o [3]
_LitobFull              0x08000b61  0x106  Code  Lc  xprintffull.o [3]
_LocaleEncoding         0x08001ec5    0xe  Code  Gb  setlocale.o [3]
_LocaleReturnString     0x20002784   0x50  Data  Lc  setlocale.o [3]
_Locale_Profile         0x20002768   0x1c  Data  Gb  setlocale.o [3]
_Locale_aeabi_lconv     0x20002728   0x38  Data  Gb  localeconv.o [3]
_Locale_lconv           0x200026d8   0x50  Data  Gb  localeconv.o [3]
_Mbtowc                 0x08001303   0x20  Code  Gb  xmbtowc.o [3]
_PrintfFull             0x080001ad  0x61e  Code  Gb  xprintffull.o [3]
_Prout                  0x08005213   0x16  Code  Gb  xprout.o [3]
_PutcharsFull           0x080012b9   0x2e  Code  Lc  xprintffull.o [3]
_PutstrFull             0x0800084f  0x30c  Code  Lc  xprintffull.o [3]
_TzoneStr               0x20002760    0x4  Data  Gb  setlocale.o [3]
_Wctomb                 0x08001489   0x1a  Code  Gb  xwctomb.o [3]
__aeabi_cdcmple         0x080016cd         Code  Gb  DblCmpLe.o [4]
__aeabi_cdrcmple        0x080016fd         Code  Gb  DblCmpGe.o [4]
__aeabi_d2iz            0x08001845         Code  Gb  DblToI32.o [4]
__aeabi_d2uiz           0x08001871         Code  Gb  DblToI32.o [4]
__aeabi_ddiv            0x08001bf1         Code  Gb  DblDiv.o [4]
__aeabi_dmul            0x08001a4d         Code  Gb  DblMul.o [4]
__aeabi_dsub            0x080018cd         Code  Gb  DblSub.o [4]
__aeabi_i2d             0x0800189d         Code  Gb  I32ToDbl.o [4]
__aeabi_ldiv0           0x08001f65         Code  Gb  I64DivZer.o [5]
__aeabi_memclr4         0x08004bc5         Code  Gb  ABImemclr4.o [5]
__aeabi_memset          0x08005075         Code  Gb  ABImemset.o [5]
__aeabi_memset4         0x08004bcd         Code  Gb  ABImemset48.o [5]
__aeabi_memset8         0x08004bcd         Code  Gb  ABImemset48.o [5]
__aeabi_ui2d            0x080018b1         Code  Gb  I32ToDbl.o [4]
__aeabi_uldivmod        0x0800159d         Code  Gb  I64DivMod.o [5]
__cmain                 0x080051e5         Code  Gb  cmain.o [5]
__data_Aldata           0x20003e70    0x8  Data  Gb  xxmemxmalloc.o [3]
__data_GetMemChunk      0x08001f39   0x2c  Code  Gb  xgetmemchunk.o [3]
__exit                  0x08004f65         Code  Gb  XXexit.o [5]
__iar_Dnorm             0x0800168b   0x42  Code  Gb  xdnorm.o [4]
__iar_Dscale            0x0800172d  0x118  Code  Gb  xdscale.o [4]
__iar_Locale_lconv_init
                        0x08001e49   0x3a  Code  Gb  localeconv.o [3]
__iar_Mbcurmax          0x080013cd    0xa  Code  Gb  xmbcurmax.o [3]
__iar_Memchr            0x08001375         Code  Gb  memchr.o [5]
__iar_Memset            0x08005075         Code  Gb  ABImemset.o [5]
__iar_Memset4_word      0x08004bd5         Code  Gb  ABImemset48.o [5]
__iar_Memset8_word      0x08004bd5         Code  Gb  ABImemset48.o [5]
__iar_Memset_word       0x0800507d         Code  Gb  ABImemset.o [5]
__iar_Stdout            0x200027d4   0x40  Data  Gb  xfiles.o [3]
__iar_Strchr            0x08001325         Code  Gb  strchr.o [5]
__iar_d2uiz             0x0800187d         Code  Gb  DblToI32.o [4]
__iar_dadd              0x08001f69         Code  Gb  DblAdd.o [4]
__iar_data_init3        0x0800516d   0x28  Code  Gb  data_init.o [5]
__iar_dlib_perthread_access
                        0x0800203d    0x2  Code  Gb  xtls.o [3]
__iar_dsub              0x080018e1         Code  Gb  DblSub.o [4]
__iar_dsubStart         0x080018f3         Code  Gb  DblSub.o [4]
__iar_init_vfp          0x08005195         Code  Gb  fpinit_M.o [4]
__iar_packbits_init3    0x08004eaf   0xae  Code  Gb  packbits_init.o [5]
__iar_program_start     0x08005245         Code  Gb  cstartup_M.o [5]
__iar_ui2d              0x080018b5         Code  Gb  I32ToDbl.o [4]
__iar_unaligned___aeabi_memcpy
                        0x080014a5         Code  Gb  ABImemcpy_unaligned.o [5]
__iar_unaligned___aeabi_memcpy4
                        0x080014c5         Code  Gb  ABImemcpy_unaligned.o [5]
__iar_unaligned___aeabi_memcpy8
                        0x080014c5         Code  Gb  ABImemcpy_unaligned.o [5]
__iar_zero_init3        0x0800512d   0x40  Code  Gb  zero_init3.o [5]
__low_level_init        0x080051ff    0x4  Code  Gb  low_level_init.o [3]
__vector_table          0x08000000         Data  Gb  startup_stm32f429xx.o [1]
_call_main              0x080051f1         Code  Gb  cmain.o [5]
_exit                   0x08005209         Code  Gb  cexit.o [5]
_main                   0x080051fb         Code  Gb  cmain.o [5]
aRxBuffer               0x20000000  0xe00  Data  Gb  main.o [1]
aTxBuffer               0x20000e00  0xe00  Data  Gb  main.o [1]
abort                   0x08004f5d    0x6  Code  Gb  abort.o [3]
div                     0x08001eb5    0xe  Code  Gb  div.o [3]
exit                    0x08005203    0x4  Code  Gb  exit.o [3]
flagHsync               0x20002918    0x4  Data  Gb  main.o [1]
flagVsync               0x20002914    0x4  Data  Gb  main.o [1]
fputc                   0x0800407d   0x14  Code  Gb  main.o [1]
free                    0x0800151d   0x7a  Code  Gb  xxmemxfree.o [3]
hpcd                    0x2000392c  0x3b4  Data  Gb  usbd_conf.o [1]
localeconv              0x08001e83   0x16  Code  Gb  localeconv.o [3]
main                    0x08003e5d  0x220  Code  Gb  main.o [1]
mainState               0x20002910    0x4  Data  Gb  main.o [1]
malloc                  0x080013d9   0xac  Code  Gb  xxmemxmalloc.o [3]
memchr                  0x08001375         Code  Gb  memchr.o [5]
obuf                    0x20003de0   0x50  Data  Lc  xfiles.o [3]
printf                  0x08004711   0x24  Code  Gb  printf.o [3]
putchar                 0x08005229    0xc  Code  Gb  putchar.o [3]
reBuffer                0x20001c00  0x800  Data  Gb  main.o [1]
remotewakeupon          0x20003e7c    0x4  Data  Gb  usbd_conf.o [1]
returnState             0x20002400    0x4  Data  Gb  main.o [1]
strchr                  0x08001325         Code  Gb  strchr.o [5]
strlen                  0x0800133d         Code  Gb  strlen.o [5]
uwTick                  0x20003e78    0x4  Data  Lc  stm32f4xx_hal.o [1]


[1] = D:\Projects\STM324x9I_EVAL\Applications\USB_Device\HID_Standalone\EWARM\STM324x9I-EVAL_USBD-FS\Obj
[2] = command line
[3] = dl7M_tlf.a
[4] = m7M_tls.a
[5] = rt7M_tl.a

  21 370 bytes of readonly  code memory
     486 bytes of readonly  data memory
  23 431 bytes of readwrite data memory

Errors: none
Warnings: none
