###############################################################################
#
# IAR ELF Linker V7.70.1.11437/W32 for ARM                07/Mar/2017  12:11:35
# Copyright 2007-2016 IAR Systems AB.
#
#    Output file  =  
#        F:\Nanolambda\Dev\STM\myProject_ADK_Example\Projects\STM324x9I_EVAL\Applications\USB_Device\HID_Standalone.v6\EWARM\STM324x9I-EVAL_USBD-FS\Exe\USBD_HID.out
#    Map file     =  
#        F:\Nanolambda\Dev\STM\myProject_ADK_Example\Projects\STM324x9I_EVAL\Applications\USB_Device\HID_Standalone.v6\EWARM\STM324x9I-EVAL_USBD-FS\List\USBD_HID.map
#    Command line =  
#        F:\Nanolambda\Dev\STM\myProject_ADK_Example\Projects\STM324x9I_EVAL\Applications\USB_Device\HID_Standalone.v6\EWARM\STM324x9I-EVAL_USBD-FS\Obj\genMessage.o
#        F:\Nanolambda\Dev\STM\myProject_ADK_Example\Projects\STM324x9I_EVAL\Applications\USB_Device\HID_Standalone.v6\EWARM\STM324x9I-EVAL_USBD-FS\Obj\main.o
#        F:\Nanolambda\Dev\STM\myProject_ADK_Example\Projects\STM324x9I_EVAL\Applications\USB_Device\HID_Standalone.v6\EWARM\STM324x9I-EVAL_USBD-FS\Obj\startup_stm32f429xx.o
#        F:\Nanolambda\Dev\STM\myProject_ADK_Example\Projects\STM324x9I_EVAL\Applications\USB_Device\HID_Standalone.v6\EWARM\STM324x9I-EVAL_USBD-FS\Obj\stm324x9i_eval.o
#        F:\Nanolambda\Dev\STM\myProject_ADK_Example\Projects\STM324x9I_EVAL\Applications\USB_Device\HID_Standalone.v6\EWARM\STM324x9I-EVAL_USBD-FS\Obj\stm324x9i_eval_io.o
#        F:\Nanolambda\Dev\STM\myProject_ADK_Example\Projects\STM324x9I_EVAL\Applications\USB_Device\HID_Standalone.v6\EWARM\STM324x9I-EVAL_USBD-FS\Obj\stm32f4xx_hal.o
#        F:\Nanolambda\Dev\STM\myProject_ADK_Example\Projects\STM324x9I_EVAL\Applications\USB_Device\HID_Standalone.v6\EWARM\STM324x9I-EVAL_USBD-FS\Obj\stm32f4xx_hal_cortex.o
#        F:\Nanolambda\Dev\STM\myProject_ADK_Example\Projects\STM324x9I_EVAL\Applications\USB_Device\HID_Standalone.v6\EWARM\STM324x9I-EVAL_USBD-FS\Obj\stm32f4xx_hal_dma.o
#        F:\Nanolambda\Dev\STM\myProject_ADK_Example\Projects\STM324x9I_EVAL\Applications\USB_Device\HID_Standalone.v6\EWARM\STM324x9I-EVAL_USBD-FS\Obj\stm32f4xx_hal_dma_ex.o
#        F:\Nanolambda\Dev\STM\myProject_ADK_Example\Projects\STM324x9I_EVAL\Applications\USB_Device\HID_Standalone.v6\EWARM\STM324x9I-EVAL_USBD-FS\Obj\stm32f4xx_hal_flash.o
#        F:\Nanolambda\Dev\STM\myProject_ADK_Example\Projects\STM324x9I_EVAL\Applications\USB_Device\HID_Standalone.v6\EWARM\STM324x9I-EVAL_USBD-FS\Obj\stm32f4xx_hal_flash_ex.o
#        F:\Nanolambda\Dev\STM\myProject_ADK_Example\Projects\STM324x9I_EVAL\Applications\USB_Device\HID_Standalone.v6\EWARM\STM324x9I-EVAL_USBD-FS\Obj\stm32f4xx_hal_gpio.o
#        F:\Nanolambda\Dev\STM\myProject_ADK_Example\Projects\STM324x9I_EVAL\Applications\USB_Device\HID_Standalone.v6\EWARM\STM324x9I-EVAL_USBD-FS\Obj\stm32f4xx_hal_i2c.o
#        F:\Nanolambda\Dev\STM\myProject_ADK_Example\Projects\STM324x9I_EVAL\Applications\USB_Device\HID_Standalone.v6\EWARM\STM324x9I-EVAL_USBD-FS\Obj\stm32f4xx_hal_i2c_ex.o
#        F:\Nanolambda\Dev\STM\myProject_ADK_Example\Projects\STM324x9I_EVAL\Applications\USB_Device\HID_Standalone.v6\EWARM\STM324x9I-EVAL_USBD-FS\Obj\stm32f4xx_hal_msp.o
#        F:\Nanolambda\Dev\STM\myProject_ADK_Example\Projects\STM324x9I_EVAL\Applications\USB_Device\HID_Standalone.v6\EWARM\STM324x9I-EVAL_USBD-FS\Obj\stm32f4xx_hal_pcd.o
#        F:\Nanolambda\Dev\STM\myProject_ADK_Example\Projects\STM324x9I_EVAL\Applications\USB_Device\HID_Standalone.v6\EWARM\STM324x9I-EVAL_USBD-FS\Obj\stm32f4xx_hal_pcd_ex.o
#        F:\Nanolambda\Dev\STM\myProject_ADK_Example\Projects\STM324x9I_EVAL\Applications\USB_Device\HID_Standalone.v6\EWARM\STM324x9I-EVAL_USBD-FS\Obj\stm32f4xx_hal_pwr.o
#        F:\Nanolambda\Dev\STM\myProject_ADK_Example\Projects\STM324x9I_EVAL\Applications\USB_Device\HID_Standalone.v6\EWARM\STM324x9I-EVAL_USBD-FS\Obj\stm32f4xx_hal_pwr_ex.o
#        F:\Nanolambda\Dev\STM\myProject_ADK_Example\Projects\STM324x9I_EVAL\Applications\USB_Device\HID_Standalone.v6\EWARM\STM324x9I-EVAL_USBD-FS\Obj\stm32f4xx_hal_rcc.o
#        F:\Nanolambda\Dev\STM\myProject_ADK_Example\Projects\STM324x9I_EVAL\Applications\USB_Device\HID_Standalone.v6\EWARM\STM324x9I-EVAL_USBD-FS\Obj\stm32f4xx_hal_rcc_ex.o
#        F:\Nanolambda\Dev\STM\myProject_ADK_Example\Projects\STM324x9I_EVAL\Applications\USB_Device\HID_Standalone.v6\EWARM\STM324x9I-EVAL_USBD-FS\Obj\stm32f4xx_hal_spi.o
#        F:\Nanolambda\Dev\STM\myProject_ADK_Example\Projects\STM324x9I_EVAL\Applications\USB_Device\HID_Standalone.v6\EWARM\STM324x9I-EVAL_USBD-FS\Obj\stm32f4xx_hal_sram.o
#        F:\Nanolambda\Dev\STM\myProject_ADK_Example\Projects\STM324x9I_EVAL\Applications\USB_Device\HID_Standalone.v6\EWARM\STM324x9I-EVAL_USBD-FS\Obj\stm32f4xx_hal_tim.o
#        F:\Nanolambda\Dev\STM\myProject_ADK_Example\Projects\STM324x9I_EVAL\Applications\USB_Device\HID_Standalone.v6\EWARM\STM324x9I-EVAL_USBD-FS\Obj\stm32f4xx_hal_tim_ex.o
#        F:\Nanolambda\Dev\STM\myProject_ADK_Example\Projects\STM324x9I_EVAL\Applications\USB_Device\HID_Standalone.v6\EWARM\STM324x9I-EVAL_USBD-FS\Obj\stm32f4xx_hal_uart.o
#        F:\Nanolambda\Dev\STM\myProject_ADK_Example\Projects\STM324x9I_EVAL\Applications\USB_Device\HID_Standalone.v6\EWARM\STM324x9I-EVAL_USBD-FS\Obj\stm32f4xx_it.o
#        F:\Nanolambda\Dev\STM\myProject_ADK_Example\Projects\STM324x9I_EVAL\Applications\USB_Device\HID_Standalone.v6\EWARM\STM324x9I-EVAL_USBD-FS\Obj\stm32f4xx_ll_fmc.o
#        F:\Nanolambda\Dev\STM\myProject_ADK_Example\Projects\STM324x9I_EVAL\Applications\USB_Device\HID_Standalone.v6\EWARM\STM324x9I-EVAL_USBD-FS\Obj\stm32f4xx_ll_usb.o
#        F:\Nanolambda\Dev\STM\myProject_ADK_Example\Projects\STM324x9I_EVAL\Applications\USB_Device\HID_Standalone.v6\EWARM\STM324x9I-EVAL_USBD-FS\Obj\stmpe1600.o
#        F:\Nanolambda\Dev\STM\myProject_ADK_Example\Projects\STM324x9I_EVAL\Applications\USB_Device\HID_Standalone.v6\EWARM\STM324x9I-EVAL_USBD-FS\Obj\stmpe811.o
#        F:\Nanolambda\Dev\STM\myProject_ADK_Example\Projects\STM324x9I_EVAL\Applications\USB_Device\HID_Standalone.v6\EWARM\STM324x9I-EVAL_USBD-FS\Obj\system_stm32f4xx.o
#        F:\Nanolambda\Dev\STM\myProject_ADK_Example\Projects\STM324x9I_EVAL\Applications\USB_Device\HID_Standalone.v6\EWARM\STM324x9I-EVAL_USBD-FS\Obj\ts3510.o
#        F:\Nanolambda\Dev\STM\myProject_ADK_Example\Projects\STM324x9I_EVAL\Applications\USB_Device\HID_Standalone.v6\EWARM\STM324x9I-EVAL_USBD-FS\Obj\usbd_apollo_interface.o
#        F:\Nanolambda\Dev\STM\myProject_ADK_Example\Projects\STM324x9I_EVAL\Applications\USB_Device\HID_Standalone.v6\EWARM\STM324x9I-EVAL_USBD-FS\Obj\usbd_conf.o
#        F:\Nanolambda\Dev\STM\myProject_ADK_Example\Projects\STM324x9I_EVAL\Applications\USB_Device\HID_Standalone.v6\EWARM\STM324x9I-EVAL_USBD-FS\Obj\usbd_core.o
#        F:\Nanolambda\Dev\STM\myProject_ADK_Example\Projects\STM324x9I_EVAL\Applications\USB_Device\HID_Standalone.v6\EWARM\STM324x9I-EVAL_USBD-FS\Obj\usbd_ctlreq.o
#        F:\Nanolambda\Dev\STM\myProject_ADK_Example\Projects\STM324x9I_EVAL\Applications\USB_Device\HID_Standalone.v6\EWARM\STM324x9I-EVAL_USBD-FS\Obj\usbd_desc.o
#        F:\Nanolambda\Dev\STM\myProject_ADK_Example\Projects\STM324x9I_EVAL\Applications\USB_Device\HID_Standalone.v6\EWARM\STM324x9I-EVAL_USBD-FS\Obj\usbd_hid.o
#        F:\Nanolambda\Dev\STM\myProject_ADK_Example\Projects\STM324x9I_EVAL\Applications\USB_Device\HID_Standalone.v6\EWARM\STM324x9I-EVAL_USBD-FS\Obj\usbd_ioreq.o
#        F:\Nanolambda\Dev\STM\myProject_ADK_Example\Projects\STM324x9I_EVAL\Applications\USB_Device\HID_Standalone.v6\EWARM\STM324x9I-EVAL_USBD-FS\Obj\utils.o
#        --redirect _Printf=_PrintfSmall --redirect _Scanf=_ScanfSmall -o
#        F:\Nanolambda\Dev\STM\myProject_ADK_Example\Projects\STM324x9I_EVAL\Applications\USB_Device\HID_Standalone.v6\EWARM\STM324x9I-EVAL_USBD-FS\Exe\USBD_HID.out
#        --map
#        F:\Nanolambda\Dev\STM\myProject_ADK_Example\Projects\STM324x9I_EVAL\Applications\USB_Device\HID_Standalone.v6\EWARM\STM324x9I-EVAL_USBD-FS\List\USBD_HID.map
#        --config
#        F:\Nanolambda\Dev\STM\myProject_ADK_Example\Projects\STM324x9I_EVAL\Applications\USB_Device\HID_Standalone.v6\EWARM\stm32f429xx_flash.icf
#        --semihosting --entry __iar_program_start --redirect
#        __iar_sh_stdout=__iar_sh_stdout_swo --vfe
#
###############################################################################

*******************************************************************************
*** RUNTIME MODEL ATTRIBUTES
***

CppFlavor       = *
__Heap_Handler  = DLMalloc
__SystemLibrary = DLib


*******************************************************************************
*** PLACEMENT SUMMARY
***

"A0":  place at 0x08000000 { ro section .intvec };
"P1":  place in [from 0x08000000 to 0x081fffff] { ro };
"P2":  place in [from 0x20000000 to 0x2002ffff] { rw, block CSTACK, block HEAP };
initialize by copy { rw };

  Section            Kind        Address    Size  Object
  -------            ----        -------    ----  ------
"A0":                                      0x1ac
  .intvec            ro code  0x08000000   0x1ac  startup_stm32f429xx.o [1]
                            - 0x080001ac   0x1ac

"P1":                                     0x9a43
  .text              ro code  0x080001ac  0x2868  stm32f4xx_hal_dma.o [1]
  .text              ro code  0x08002a14  0x14f4  dlmalloc.o [3]
  .text              ro code  0x08003f08     0x6  abort.o [3]
  .text              ro code  0x08003f10    0x2c  xgetmemchunk.o [3]
  .text              ro code  0x08003f3c    0x14  exit.o [6]
  .text              ro code  0x08003f50   0xcd8  stm32f4xx_ll_usb.o [1]
  .text              ro code  0x08004c28    0x1a  stm32f4xx_hal.o [1]
  .text              ro code  0x08004c44     0xc  stm32f4xx_hal.o [1]
  .text              ro code  0x08004c50   0x9b2  stm32f4xx_hal_pcd.o [1]
  .text              ro code  0x08005604   0x564  usbd_conf.o [1]
  .text              ro code  0x08005b68    0x76  ABImemcpy_unaligned.o [5]
  .text              ro code  0x08005be0   0x26c  stm32f4xx_hal_gpio.o [1]
  .text              ro code  0x08005e4c   0x148  stm32f4xx_hal_cortex.o [1]
  .text              ro code  0x08005f94   0x310  usbd_core.o [1]
  .text              ro code  0x080062a4    0x66  stm32f4xx_hal_pcd_ex.o [1]
  .text              ro code  0x0800630c   0x5a0  main.o [1]
  .text              ro code  0x080068ac   0x5e0  usbd_ctlreq.o [1]
  .text              ro code  0x08006e8c    0x94  usbd_ioreq.o [1]
  .text              ro code  0x08006f20    0x42  stm32f4xx_hal.o [1]
  .text              ro code  0x08006f64   0x29c  usbd_hid.o [1]
  .text              ro code  0x08007200   0x71e  stm32f4xx_hal_spi.o [1]
  .text              ro code  0x08007920    0xfc  stm324x9i_eval.o [1]
  .text              ro code  0x08007a1c   0x3b0  utils.o [1]
  .text              ro code  0x08007dcc   0x192  stm32f4xx_hal_tim.o [1]
  .text              ro code  0x08007f60   0x48c  genMessage.o [1]
  .text              ro code  0x080083ec    0x66  ABImemset.o [5]
  .text              ro code  0x08008454   0x608  stm32f4xx_hal_rcc.o [1]
  .text              ro code  0x08008a5c    0x24  stm32f4xx_hal.o [1]
  .text              ro code  0x08008a80   0x330  stm32f4xx_hal_msp.o [1]
  .text              ro code  0x08008db0     0x2  stm32f4xx_hal_tim.o [1]
  .text              ro code  0x08008db2     0x2  stm32f4xx_hal_tim.o [1]
  .text              ro code  0x08008db4     0x2  stm32f4xx_hal_tim.o [1]
  .text              ro code  0x08008db6     0x2  stm32f4xx_hal_tim_ex.o [1]
  .text              ro code  0x08008db8     0x2  stm32f4xx_hal_tim.o [1]
  .text              ro code  0x08008dba     0x2  stm32f4xx_hal_tim_ex.o [1]
  .text              ro code  0x08008dbc    0xa0  stm32f4xx_hal_rcc.o [1]
  .text              ro code  0x08008e5c   0x700  usbd_apollo_interface.o [1]
  .text              ro code  0x0800955c   0x136  usbd_desc.o [1]
  .text              ro code  0x08009694   0x108  stm32f4xx_it.o [1]
  .text              ro code  0x0800979c    0x10  stm32f4xx_hal.o [1]
  .text              ro code  0x080097ac    0x78  lz77_init_single.o [5]
  .text              ro code  0x08009824    0x6c  system_stm32f4xx.o [1]
  .text              ro code  0x08009890    0x40  zero_init3.o [5]
  .text              ro code  0x080098d0    0x28  data_init.o [5]
  .text              ro code  0x080098f8    0x22  fpinit_M.o [4]
  .iar.init_table    const    0x0800991c    0x20  - Linker created -
  .text              ro code  0x0800993c    0x1a  cmain.o [5]
  .text              ro code  0x08009956     0x4  low_level_init.o [3]
  .text              ro code  0x0800995a     0x4  exit.o [3]
  .text              ro code  0x08009960     0xa  cexit.o [5]
  .rodata            const    0x0800996c    0x18  usbd_desc.o [1]
  .rodata            const    0x08009984    0x14  usbd_desc.o [1]
  .rodata            const    0x08009998    0x14  usbd_desc.o [1]
  .rodata            const    0x080099ac    0x10  stm32f4xx_hal_rcc.o [1]
  .text              ro code  0x080099bc    0x10  startup_stm32f429xx.o [1]
  .rodata            const    0x080099cc     0xc  usbd_desc.o [1]
  .rodata            const    0x080099d8     0xc  usbd_desc.o [1]
  .text              ro code  0x080099e4     0xc  cstartup_M.o [5]
  .rodata            const    0x080099f0     0x4  stm324x9i_eval.o [1]
  .text              ro code  0x080099f4     0x4  startup_stm32f429xx.o [1]
  .text              ro code  0x080099f8     0x4  startup_stm32f429xx.o [1]
  .text              ro code  0x080099fc     0x4  startup_stm32f429xx.o [1]
  .text              ro code  0x08009a00     0x4  startup_stm32f429xx.o [1]
  .text              ro code  0x08009a04     0x4  startup_stm32f429xx.o [1]
  .text              ro code  0x08009a08     0x4  startup_stm32f429xx.o [1]
  .text              ro code  0x08009a0c     0x4  startup_stm32f429xx.o [1]
  .text              ro code  0x08009a10     0x4  startup_stm32f429xx.o [1]
  .text              ro code  0x08009a14     0x4  startup_stm32f429xx.o [1]
  .text              ro code  0x08009a18     0x4  startup_stm32f429xx.o [1]
  .text              ro code  0x08009a1c     0x4  startup_stm32f429xx.o [1]
  .text              ro code  0x08009a20     0x4  startup_stm32f429xx.o [1]
  .text              ro code  0x08009a24     0x4  startup_stm32f429xx.o [1]
  .text              ro code  0x08009a28     0x4  startup_stm32f429xx.o [1]
  .text              ro code  0x08009a2c     0x4  startup_stm32f429xx.o [1]
  .text              ro code  0x08009a30     0x4  startup_stm32f429xx.o [1]
  .text              ro code  0x08009a34     0x4  startup_stm32f429xx.o [1]
  .text              ro code  0x08009a38     0x4  startup_stm32f429xx.o [1]
  .text              ro code  0x08009a3c     0x4  startup_stm32f429xx.o [1]
  .text              ro code  0x08009a40     0x4  startup_stm32f429xx.o [1]
  .text              ro code  0x08009a44     0x4  startup_stm32f429xx.o [1]
  .text              ro code  0x08009a48     0x4  startup_stm32f429xx.o [1]
  .text              ro code  0x08009a4c     0x4  startup_stm32f429xx.o [1]
  .text              ro code  0x08009a50     0x4  startup_stm32f429xx.o [1]
  .text              ro code  0x08009a54     0x4  startup_stm32f429xx.o [1]
  .text              ro code  0x08009a58     0x4  startup_stm32f429xx.o [1]
  .text              ro code  0x08009a5c     0x4  startup_stm32f429xx.o [1]
  .text              ro code  0x08009a60     0x4  startup_stm32f429xx.o [1]
  .text              ro code  0x08009a64     0x4  startup_stm32f429xx.o [1]
  .text              ro code  0x08009a68     0x4  startup_stm32f429xx.o [1]
  .text              ro code  0x08009a6c     0x4  startup_stm32f429xx.o [1]
  .text              ro code  0x08009a70     0x4  startup_stm32f429xx.o [1]
  .text              ro code  0x08009a74     0x4  startup_stm32f429xx.o [1]
  .text              ro code  0x08009a78     0x4  startup_stm32f429xx.o [1]
  .text              ro code  0x08009a7c     0x4  startup_stm32f429xx.o [1]
  .text              ro code  0x08009a80     0x4  startup_stm32f429xx.o [1]
  .text              ro code  0x08009a84     0x4  startup_stm32f429xx.o [1]
  .text              ro code  0x08009a88     0x4  startup_stm32f429xx.o [1]
  .text              ro code  0x08009a8c     0x4  startup_stm32f429xx.o [1]
  .text              ro code  0x08009a90     0x4  startup_stm32f429xx.o [1]
  .text              ro code  0x08009a94     0x4  startup_stm32f429xx.o [1]
  .text              ro code  0x08009a98     0x4  startup_stm32f429xx.o [1]
  .text              ro code  0x08009a9c     0x4  startup_stm32f429xx.o [1]
  .text              ro code  0x08009aa0     0x4  startup_stm32f429xx.o [1]
  .text              ro code  0x08009aa4     0x4  startup_stm32f429xx.o [1]
  .text              ro code  0x08009aa8     0x4  startup_stm32f429xx.o [1]
  .text              ro code  0x08009aac     0x4  startup_stm32f429xx.o [1]
  .text              ro code  0x08009ab0     0x4  startup_stm32f429xx.o [1]
  .text              ro code  0x08009ab4     0x4  startup_stm32f429xx.o [1]
  .text              ro code  0x08009ab8     0x4  startup_stm32f429xx.o [1]
  .text              ro code  0x08009abc     0x4  startup_stm32f429xx.o [1]
  .text              ro code  0x08009ac0     0x4  startup_stm32f429xx.o [1]
  .text              ro code  0x08009ac4     0x4  startup_stm32f429xx.o [1]
  .text              ro code  0x08009ac8     0x4  startup_stm32f429xx.o [1]
  .text              ro code  0x08009acc     0x4  startup_stm32f429xx.o [1]
  .text              ro code  0x08009ad0     0x4  startup_stm32f429xx.o [1]
  .text              ro code  0x08009ad4     0x4  startup_stm32f429xx.o [1]
  .text              ro code  0x08009ad8     0x4  startup_stm32f429xx.o [1]
  .text              ro code  0x08009adc     0x4  startup_stm32f429xx.o [1]
  .text              ro code  0x08009ae0     0x4  startup_stm32f429xx.o [1]
  .text              ro code  0x08009ae4     0x4  startup_stm32f429xx.o [1]
  .text              ro code  0x08009ae8     0x4  startup_stm32f429xx.o [1]
  .text              ro code  0x08009aec     0x4  startup_stm32f429xx.o [1]
  .text              ro code  0x08009af0     0x4  startup_stm32f429xx.o [1]
  .text              ro code  0x08009af4     0x4  startup_stm32f429xx.o [1]
  .text              ro code  0x08009af8     0x4  startup_stm32f429xx.o [1]
  .text              ro code  0x08009afc     0x4  startup_stm32f429xx.o [1]
  .text              ro code  0x08009b00     0x4  startup_stm32f429xx.o [1]
  .text              ro code  0x08009b04     0x4  startup_stm32f429xx.o [1]
  .text              ro code  0x08009b08     0x4  startup_stm32f429xx.o [1]
  .text              ro code  0x08009b0c     0x4  startup_stm32f429xx.o [1]
  .text              ro code  0x08009b10     0x4  startup_stm32f429xx.o [1]
  .text              ro code  0x08009b14     0x4  startup_stm32f429xx.o [1]
  .text              ro code  0x08009b18     0x4  startup_stm32f429xx.o [1]
  .text              ro code  0x08009b1c     0x4  startup_stm32f429xx.o [1]
  .text              ro code  0x08009b20     0x4  startup_stm32f429xx.o [1]
  .text              ro code  0x08009b24     0x4  startup_stm32f429xx.o [1]
  .text              ro code  0x08009b28     0x4  startup_stm32f429xx.o [1]
  .text              ro code  0x08009b2c     0x4  startup_stm32f429xx.o [1]
  .rodata            const    0x08009b30     0x0  zero_init3.o [5]
  .rodata            const    0x08009b30     0x0  lz77_init_single.o [5]
  Initializer bytes  const    0x08009b30    0xbf  <for P2-1>
                            - 0x08009bef  0x9a43

"P2", part 1 of 3:                         0x128
  P2-1                        0x20000000   0x128  <Init block>
    .data            inited   0x20000000     0x4  main.o [1]
    .data            inited   0x20000004     0x4  main.o [1]
    .data            inited   0x20000008     0x8  stm324x9i_eval.o [1]
    .data            inited   0x20000010     0x4  system_stm32f4xx.o [1]
    .data            inited   0x20000014    0x10  usbd_apollo_interface.o [1]
    .data            inited   0x20000024    0x1c  usbd_desc.o [1]
    .data            inited   0x20000040    0x14  usbd_desc.o [1]
    .data            inited   0x20000054     0x4  usbd_desc.o [1]
    .data            inited   0x20000058    0x1c  usbd_desc.o [1]
    .data            inited   0x20000074    0x38  usbd_hid.o [1]
    .data            inited   0x200000ac    0x38  usbd_hid.o [1]
    .data            inited   0x200000e4    0x38  usbd_hid.o [1]
    .data            inited   0x2000011c     0xc  usbd_hid.o [1]
                            - 0x20000128   0x128

"P2", part 2 of 3:                        0x1d00
  CSTACK                      0x20000128   0x800  <Block>
    CSTACK           uninit   0x20000128   0x800  <Block tail>
  HEAP                        0x20000928  0x1500  <Block>
    HEAP             uninit   0x20000928  0x1500  <Block tail>
                            - 0x20001e28  0x1d00

"P2", part 3 of 3:                        0x4eb4
  .bss               zero     0x20001e28  0x1008  main.o [1]
  .bss               zero     0x20002e30   0xe0c  main.o [1]
  .bss               zero     0x20003c3c   0xe0c  main.o [1]
  .bss               zero     0x20004a48   0x800  main.o [1]
  .bss               zero     0x20005248   0x800  usbd_apollo_interface.o [1]
  .bss               zero     0x20005a48   0x800  usbd_apollo_interface.o [1]
  .bss               zero     0x20006248   0x3b4  usbd_conf.o [1]
  .bss               zero     0x200065fc   0x224  main.o [1]
  .bss               zero     0x20006820   0x1d8  dlmalloc.o [3]
  .bss               zero     0x200069f8   0x100  usbd_desc.o [1]
  .bss               zero     0x20006af8    0x58  main.o [1]
  .bss               zero     0x20006b50    0x58  main.o [1]
  .bss               zero     0x20006ba8    0x50  stm32f4xx_hal_msp.o [1]
  .bss               zero     0x20006bf8    0x50  stm32f4xx_hal_msp.o [1]
  .bss               zero     0x20006c48    0x3c  main.o [1]
  .bss               zero     0x20006c84    0x18  dlmalloc.o [3]
  .bss               zero     0x20006c9c     0xc  genMessage.o [1]
  .bss               zero     0x20006ca8     0xc  genMessage.o [1]
  .bss               zero     0x20006cb4     0x8  main.o [1]
  .bss               zero     0x20006cbc     0x4  main.o [1]
  .bss               zero     0x20006cc0     0x4  main.o [1]
  .bss               zero     0x20006cc4     0x4  main.o [1]
  .bss               zero     0x20006cc8     0x4  main.o [1]
  .bss               zero     0x20006ccc     0x4  stm32f4xx_hal.o [1]
  .bss               zero     0x20006cd0     0x4  usbd_conf.o [1]
  .bss               zero     0x20006cd4     0x4  xgetmemchunk.o [3]
  .bss               zero     0x20006cd8     0x1  usbd_ctlreq.o [1]
  .bss               zero     0x20006cd9     0x1  usbd_hid.o [1]
  .bss               zero     0x20006cda     0x1  usbd_hid.o [1]
                            - 0x20006cdb  0x4eb3


*******************************************************************************
*** INIT TABLE
***

          Address     Size
          -------     ----
Zero (__iar_zero_init3)
    1 destination range, total size 0x4eb3:
          0x20001e28  0x4eb3

Copy/lz77 (__iar_lz77_init_single3)
    1 source range, total size 0xbf (64% of destination):
          0x08009b30    0xbf
    1 destination range, total size 0x128:
          0x20000000   0x128



*******************************************************************************
*** MODULE SUMMARY
***

    Module                   ro code  ro data  rw data
    ------                   -------  -------  -------
F:\Nanolambda\Dev\STM\myProject_ADK_Example\Projects\STM324x9I_EVAL\Applications\USB_Device\HID_Standalone.v6\EWARM\STM324x9I-EVAL_USBD-FS\Obj: [1]
    genMessage.o               1 164                24
    main.o                     1 440        5   14 160
    startup_stm32f429xx.o        760
    stm324x9i_eval.o             252        9        8
    stm32f4xx_hal.o              156                 4
    stm32f4xx_hal_cortex.o       328
    stm32f4xx_hal_dma.o       10 344
    stm32f4xx_hal_gpio.o         620
    stm32f4xx_hal_msp.o          816               160
    stm32f4xx_hal_pcd.o        2 482
    stm32f4xx_hal_pcd_ex.o       102
    stm32f4xx_hal_rcc.o        1 704       16
    stm32f4xx_hal_spi.o        1 822
    stm32f4xx_hal_tim.o          410
    stm32f4xx_hal_tim_ex.o         4
    stm32f4xx_it.o               264
    stm32f4xx_ll_usb.o         3 288
    system_stm32f4xx.o           108        2        4
    usbd_apollo_interface.o    1 792       11    4 112
    usbd_conf.o                1 380               952
    usbd_core.o                  784
    usbd_ctlreq.o              1 504                 1
    usbd_desc.o                  310      139      336
    usbd_hid.o                   668      117      182
    usbd_ioreq.o                 148
    utils.o                      944
    --------------------------------------------------
    Total:                    33 594      299   19 943

command line: [2]
    --------------------------------------------------
    Total:

dl7M_tlf.a: [3]
    abort.o                        6
    dlmalloc.o                 5 364               496
    exit.o                         4
    low_level_init.o               4
    xgetmemchunk.o                44                 4
    --------------------------------------------------
    Total:                     5 422               500

m7M_tls.a: [4]
    fpinit_M.o                    34
    --------------------------------------------------
    Total:                        34

rt7M_tl.a: [5]
    ABImemcpy_unaligned.o        118
    ABImemset.o                  102
    cexit.o                       10
    cmain.o                       26
    cstartup_M.o                  12
    data_init.o                   40
    lz77_init_single.o           120
    zero_init3.o                  64
    --------------------------------------------------
    Total:                       492

shb_l.a: [6]
    exit.o                        20
    --------------------------------------------------
    Total:                        20

    Gaps                          22        4
    Linker created                         32    7 424
------------------------------------------------------
    Grand Total:              39 584      335   27 867


*******************************************************************************
*** ENTRY LIST
***

Entry                      Address    Size  Type      Object
-----                      -------    ----  ----      ------
.iar.init_table$$Base   0x0800991c           --   Gb  - Linker created -
.iar.init_table$$Limit  0x0800993c           --   Gb  - Linker created -
?main                   0x0800993d          Code  Gb  cmain.o [5]
APBAHBPrescTable        0x080099ac    0x10  Data  Gb  stm32f4xx_hal_rcc.o [1]
BSP_LED_Init            0x08007921    0x96  Code  Gb  stm324x9i_eval.o [1]
BSP_LED_Off             0x080079d5    0x1e  Code  Gb  stm324x9i_eval.o [1]
BSP_LED_On              0x080079b7    0x1e  Code  Gb  stm324x9i_eval.o [1]
BSP_LED_Toggle          0x080079f3    0x1c  Code  Gb  stm324x9i_eval.o [1]
BusFault_Handler        0x0800969b     0x2  Code  Gb  stm32f4xx_it.o [1]
CSTACK$$Base            0x20000128           --   Gb  - Linker created -
CSTACK$$Limit           0x20000928           --   Gb  - Linker created -
DMA2_Stream0_IRQHandler
                        0x08009753     0xc  Code  Gb  stm32f4xx_it.o [1]
DMA2_Stream1_IRQHandler
                        0x0800975f     0xc  Code  Gb  stm32f4xx_it.o [1]
DebugMon_Handler        0x080096a1     0x2  Code  Gb  stm32f4xx_it.o [1]
EXTI0_IRQHandler        0x080096b1     0xa  Code  Gb  stm32f4xx_it.o [1]
EXTI15_10_IRQHandler    0x080096cf     0xc  Code  Gb  stm32f4xx_it.o [1]
EXTI1_IRQHandler        0x080096bb     0xa  Code  Gb  stm32f4xx_it.o [1]
EXTI2_IRQHandler        0x080096c5     0xa  Code  Gb  stm32f4xx_it.o [1]
EXTI_HSync_Config       0x0800678b    0x42  Code  Lc  main.o [1]
EXTI_VSync_Config       0x08006749    0x42  Code  Lc  main.o [1]
EpOutDataReceived       0x20006cd9     0x1  Data  Gb  usbd_hid.o [1]
Error_Handler           0x080067cd    0x1c  Code  Gb  main.o [1]
GPIO_PIN                0x080099f0     0x4  Data  Gb  stm324x9i_eval.o [1]
GPIO_PORT               0x20000008     0x8  Data  Gb  stm324x9i_eval.o [1]
Get_SerialNum           0x080095f1    0x28  Code  Lc  usbd_desc.o [1]
GlobalMessageHandler    0x08007f61   0x478  Code  Gb  genMessage.o [1]
HAL_DMA_IRQHandler      0x08000229  0x2798  Code  Gb  stm32f4xx_hal_dma.o [1]
HAL_DMA_Init            0x080001ad    0x76  Code  Gb  stm32f4xx_hal_dma.o [1]
HAL_Delay               0x08004c29    0x1a  Code  Wk  stm32f4xx_hal.o [1]
HAL_GPIO_EXTI_Callback  0x080067e9    0x30  Code  Gb  main.o [1]
HAL_GPIO_EXTI_IRQHandler
                        0x08005ded    0x1a  Code  Gb  stm32f4xx_hal_gpio.o [1]
HAL_GPIO_Init           0x08005be1   0x1ee  Code  Gb  stm32f4xx_hal_gpio.o [1]
HAL_GPIO_TogglePin      0x08005de3     0xa  Code  Gb  stm32f4xx_hal_gpio.o [1]
HAL_GPIO_WritePin       0x08005dcf    0x14  Code  Gb  stm32f4xx_hal_gpio.o [1]
HAL_GetTick             0x08004c45     0xc  Code  Wk  stm32f4xx_hal.o [1]
HAL_IncTick             0x0800979d    0x10  Code  Wk  stm32f4xx_hal.o [1]
HAL_Init                0x08006f21    0x3a  Code  Gb  stm32f4xx_hal.o [1]
HAL_InitTick            0x08008a5d    0x24  Code  Wk  stm32f4xx_hal.o [1]
HAL_MspInit             0x08006f61     0x2  Code  Wk  stm32f4xx_hal.o [1]
HAL_NVIC_DisableIRQ     0x08005f5d     0xa  Code  Gb  stm32f4xx_hal_cortex.o [1]
HAL_NVIC_EnableIRQ      0x08005f53     0xa  Code  Gb  stm32f4xx_hal_cortex.o [1]
HAL_NVIC_SetPriority    0x08005f31    0x22  Code  Gb  stm32f4xx_hal_cortex.o [1]
HAL_NVIC_SetPriorityGrouping
                        0x08005f29     0x8  Code  Gb  stm32f4xx_hal_cortex.o [1]
HAL_PCDEx_SetRxFiFo     0x08006301     0xa  Code  Gb  stm32f4xx_hal_pcd_ex.o [1]
HAL_PCDEx_SetTxFiFo     0x080062a5    0x5c  Code  Gb  stm32f4xx_hal_pcd_ex.o [1]
HAL_PCD_ConnectCallback
                        0x08005995     0xc  Code  Gb  usbd_conf.o [1]
HAL_PCD_DataInStageCallback
                        0x0800589f    0x1a  Code  Gb  usbd_conf.o [1]
HAL_PCD_DataOutStageCallback
                        0x08005883    0x1c  Code  Gb  usbd_conf.o [1]
HAL_PCD_DisconnectCallback
                        0x080059a1     0xc  Code  Gb  usbd_conf.o [1]
HAL_PCD_EP_Close        0x0800532d    0x5c  Code  Gb  stm32f4xx_hal_pcd.o [1]
HAL_PCD_EP_ClrStall     0x080054eb    0x5e  Code  Gb  stm32f4xx_hal_pcd.o [1]
HAL_PCD_EP_GetRxCount   0x080053f5    0x14  Code  Gb  stm32f4xx_hal_pcd.o [1]
HAL_PCD_EP_Open         0x080052b3    0x7a  Code  Gb  stm32f4xx_hal_pcd.o [1]
HAL_PCD_EP_Receive      0x08005389    0x6c  Code  Gb  stm32f4xx_hal_pcd.o [1]
HAL_PCD_EP_SetStall     0x08005471    0x7a  Code  Gb  stm32f4xx_hal_pcd.o [1]
HAL_PCD_EP_Transmit     0x08005409    0x68  Code  Gb  stm32f4xx_hal_pcd.o [1]
HAL_PCD_IRQHandler      0x08004db3   0x4d8  Code  Gb  stm32f4xx_hal_pcd.o [1]
HAL_PCD_ISOINIncompleteCallback
                        0x08005987     0xe  Code  Gb  usbd_conf.o [1]
HAL_PCD_ISOOUTIncompleteCallback
                        0x08005979     0xe  Code  Gb  usbd_conf.o [1]
HAL_PCD_Init            0x08004c51   0x136  Code  Gb  stm32f4xx_hal_pcd.o [1]
HAL_PCD_MspInit         0x08005605   0x26c  Code  Gb  usbd_conf.o [1]
HAL_PCD_ResetCallback   0x080058c5    0x32  Code  Gb  usbd_conf.o [1]
HAL_PCD_ResumeCallback  0x08005933    0x46  Code  Gb  usbd_conf.o [1]
HAL_PCD_SOFCallback     0x080058b9     0xc  Code  Gb  usbd_conf.o [1]
HAL_PCD_SetAddress      0x0800528b    0x28  Code  Gb  stm32f4xx_hal_pcd.o [1]
HAL_PCD_SetupStageCallback
                        0x08005871    0x12  Code  Gb  usbd_conf.o [1]
HAL_PCD_Start           0x08004d87    0x2c  Code  Gb  stm32f4xx_hal_pcd.o [1]
HAL_PCD_SuspendCallback
                        0x080058f7    0x3c  Code  Gb  usbd_conf.o [1]
HAL_RCC_ClockConfig     0x08008455   0x262  Code  Gb  stm32f4xx_hal_rcc.o [1]
HAL_RCC_GetHCLKFreq     0x080086b7    0x28  Code  Gb  stm32f4xx_hal_rcc.o [1]
HAL_RCC_GetSysClockFreq
                        0x08008dbd    0xa0  Code  Wk  stm32f4xx_hal_rcc.o [1]
HAL_RCC_OscConfig       0x080086f5   0x368  Code  Wk  stm32f4xx_hal_rcc.o [1]
HAL_SPI_GetState        0x08007829     0x6  Code  Gb  stm32f4xx_hal_spi.o [1]
HAL_SPI_Init            0x08007201    0x8c  Code  Gb  stm32f4xx_hal_spi.o [1]
HAL_SPI_MspInit         0x08008a81   0x2fe  Code  Gb  stm32f4xx_hal_msp.o [1]
HAL_SPI_MspInit{2}{3}::hdma_rx
                        0x20006bf8    0x50  Data  Lc  stm32f4xx_hal_msp.o [1]
HAL_SPI_MspInit{2}{3}::hdma_tx
                        0x20006ba8    0x50  Data  Lc  stm32f4xx_hal_msp.o [1]
HAL_SPI_Receive         0x0800728d   0x22e  Code  Gb  stm32f4xx_hal_spi.o [1]
HAL_SPI_TransmitReceive
                        0x080074bb   0x366  Code  Gb  stm32f4xx_hal_spi.o [1]
HAL_SYSTICK_Config      0x08005f67     0x8  Code  Gb  stm32f4xx_hal_cortex.o [1]
HAL_TIMEx_BreakCallback
                        0x08008db7     0x2  Code  Wk  stm32f4xx_hal_tim_ex.o [1]
HAL_TIMEx_CommutationCallback
                        0x08008dbb     0x2  Code  Wk  stm32f4xx_hal_tim_ex.o [1]
HAL_TIM_Base_Start_IT   0x08007dcd    0x1c  Code  Gb  stm32f4xx_hal_tim.o [1]
HAL_TIM_IC_CaptureCallback
                        0x08008db1     0x2  Code  Wk  stm32f4xx_hal_tim.o [1]
HAL_TIM_IRQHandler      0x08007de9   0x176  Code  Gb  stm32f4xx_hal_tim.o [1]
HAL_TIM_OC_DelayElapsedCallback
                        0x08008db3     0x2  Code  Wk  stm32f4xx_hal_tim.o [1]
HAL_TIM_PWM_PulseFinishedCallback
                        0x08008db5     0x2  Code  Wk  stm32f4xx_hal_tim.o [1]
HAL_TIM_PeriodElapsedCallback
                        0x08006819     0x2  Code  Gb  main.o [1]
HAL_TIM_TriggerCallback
                        0x08008db9     0x2  Code  Wk  stm32f4xx_hal_tim.o [1]
HEAP$$Base              0x20000928           --   Gb  - Linker created -
HEAP$$Limit             0x20001e28           --   Gb  - Linker created -
HID_Desc                0x20000024    0x1c  Data  Gb  usbd_desc.o [1]
HardFault_Handler       0x08009697     0x2  Code  Gb  stm32f4xx_it.o [1]
IntToUnicode            0x08009651    0x42  Code  Lc  usbd_desc.o [1]
JUSB_Itf_Control        0x08008e81   0x6bc  Code  Lc  usbd_apollo_interface.o [1]
JUSB_Itf_DeInit         0x08008e7d     0x4  Code  Lc  usbd_apollo_interface.o [1]
JUSB_Itf_Init           0x08008e5d    0x20  Code  Lc  usbd_apollo_interface.o [1]
JUSB_Itf_Receive        0x0800953d     0xc  Code  Lc  usbd_apollo_interface.o [1]
MemManage_Handler       0x08009699     0x2  Code  Gb  stm32f4xx_it.o [1]
MySensorID              0x20006cb4     0x8  Data  Gb  main.o [1]
NMI_Handler             0x08009695     0x2  Code  Gb  stm32f4xx_it.o [1]
NVIC_DisableIRQ         0x08005e87    0x14  Code  Lc  stm32f4xx_hal_cortex.o [1]
NVIC_EnableIRQ          0x08005e73    0x14  Code  Lc  stm32f4xx_hal_cortex.o [1]
NVIC_EncodePriority     0x08005ebd    0x3e  Code  Lc  stm32f4xx_hal_cortex.o [1]
NVIC_GetPriorityGrouping
                        0x08005e69     0xa  Code  Lc  stm32f4xx_hal_cortex.o [1]
NVIC_SetPriority        0x08005e9b    0x22  Code  Lc  stm32f4xx_hal_cortex.o [1]
NVIC_SetPriorityGrouping
                        0x08005e4d    0x1c  Code  Lc  stm32f4xx_hal_cortex.o [1]
OTG_FS_IRQHandler       0x080096db     0xa  Code  Gb  stm32f4xx_it.o [1]
OTG_FS_WKUP_IRQHandler  0x080096e5    0x6e  Code  Gb  stm32f4xx_it.o [1]
PCD_WriteEmptyTxFifo    0x08005549    0xba  Code  Lc  stm32f4xx_hal_pcd.o [1]
PendSV_Handler          0x080096a3     0x2  Code  Gb  stm32f4xx_it.o [1]
Region$$Table$$Base     0x0800991c           --   Gb  - Linker created -
Region$$Table$$Limit    0x0800993c           --   Gb  - Linker created -
SPI_CTR_Config          0x080066ad    0x4e  Code  Lc  main.o [1]
SPI_Recv_Config         0x080066fb    0x4e  Code  Lc  main.o [1]
SPI_WaitOnFlagUntilTimeout
                        0x0800782f    0xf0  Code  Lc  stm32f4xx_hal_spi.o [1]
SVC_Handler             0x0800969f     0x2  Code  Gb  stm32f4xx_it.o [1]
SpiHandle               0x20006af8    0x58  Data  Gb  main.o [1]
SpiSensorDataHandle     0x20006b50    0x58  Data  Gb  main.o [1]
SysTick_Config          0x08005efb    0x2e  Code  Lc  stm32f4xx_hal_cortex.o [1]
SysTick_Handler         0x080096a5     0xc  Code  Gb  stm32f4xx_it.o [1]
SystemClockConfig_STOP  0x08005ae7    0x3a  Code  Lc  usbd_conf.o [1]
SystemClock_Config      0x0800662b    0x82  Code  Lc  main.o [1]
SystemCoreClock         0x20000010     0x4  Data  Gb  system_stm32f4xx.o [1]
SystemInit              0x08009825    0x4c  Code  Gb  system_stm32f4xx.o [1]
TIM3_IRQHandler         0x0800976f     0xa  Code  Gb  stm32f4xx_it.o [1]
TimHandle               0x20006c48    0x3c  Data  Gb  main.o [1]
UART7_IRQHandler        0x0800976d     0x2  Code  Gb  stm32f4xx_it.o [1]
USART3_IRQHandler       0x0800976b     0x2  Code  Gb  stm32f4xx_it.o [1]
USBD_ClrClassConfig     0x0800600b    0x10  Code  Gb  usbd_core.o [1]
USBD_ClrFeature         0x08006dc1    0x34  Code  Lc  usbd_ctlreq.o [1]
USBD_CtlContinueRx      0x08006ee3    0x12  Code  Gb  usbd_ioreq.o [1]
USBD_CtlContinueSendData
                        0x08006ead    0x12  Code  Gb  usbd_ioreq.o [1]
USBD_CtlError           0x08006e1d    0x16  Code  Gb  usbd_ctlreq.o [1]
USBD_CtlPrepareRx       0x08006ebf    0x24  Code  Gb  usbd_ioreq.o [1]
USBD_CtlReceiveStatus   0x08006f0b    0x16  Code  Gb  usbd_ioreq.o [1]
USBD_CtlSendData        0x08006e8d    0x20  Code  Gb  usbd_ioreq.o [1]
USBD_CtlSendStatus      0x08006ef5    0x16  Code  Gb  usbd_ioreq.o [1]
USBD_Device             0x200065fc   0x224  Data  Gb  main.o [1]
USBD_DeviceDesc         0x20000040    0x14  Data  Gb  usbd_desc.o [1]
USBD_GetConfig          0x08006d31    0x3c  Code  Lc  usbd_ctlreq.o [1]
USBD_GetDescriptor      0x08006aaf   0x14c  Code  Lc  usbd_ctlreq.o [1]
USBD_GetLen             0x08006e79    0x14  Code  Lc  usbd_ctlreq.o [1]
USBD_GetStatus          0x08006d6d    0x32  Code  Lc  usbd_ctlreq.o [1]
USBD_GetString          0x08006e33    0x46  Code  Gb  usbd_ctlreq.o [1]
USBD_HID                0x20000074    0x38  Data  Gb  usbd_hid.o [1]
USBD_HID_CfgFSDesc      0x200000e4    0x38  Data  Lc  usbd_hid.o [1]
USBD_HID_CfgHSDesc      0x200000ac    0x38  Data  Lc  usbd_hid.o [1]
USBD_HID_ConfigStrDescriptor
                        0x080095ad    0x22  Code  Gb  usbd_desc.o [1]
USBD_HID_DataIn         0x080070d3    0x1a  Code  Lc  usbd_hid.o [1]
USBD_HID_DataOut        0x080070ed    0x3a  Code  Lc  usbd_hid.o [1]
USBD_HID_DeInit         0x08007003    0x36  Code  Lc  usbd_hid.o [1]
USBD_HID_DeviceDescriptor
                        0x0800955d     0x8  Code  Gb  usbd_desc.o [1]
USBD_HID_DeviceQualifierDesc
                        0x2000011c     0xc  Data  Lc  usbd_hid.o [1]
USBD_HID_GetDeviceQualifierDesc
                        0x08007137     0x8  Code  Lc  usbd_hid.o [1]
USBD_HID_GetFSCfgDesc   0x0800712f     0x8  Code  Lc  usbd_hid.o [1]
USBD_HID_GetHSCfgDesc   0x08007127     0x8  Code  Lc  usbd_hid.o [1]
USBD_HID_Init           0x08006f65    0x9e  Code  Lc  usbd_hid.o [1]
USBD_HID_InterfaceStrDescriptor
                        0x080095cf    0x22  Code  Gb  usbd_desc.o [1]
USBD_HID_LangIDStrDescriptor
                        0x08009565     0x8  Code  Gb  usbd_desc.o [1]
USBD_HID_ManufacturerStrDescriptor
                        0x0800958f    0x10  Code  Gb  usbd_desc.o [1]
USBD_HID_ProductStrDescriptor
                        0x0800956d    0x22  Code  Gb  usbd_desc.o [1]
USBD_HID_SerialStrDescriptor
                        0x0800959f     0xe  Code  Gb  usbd_desc.o [1]
USBD_HID_Setup          0x08007039    0x8e  Code  Lc  usbd_hid.o [1]
USBD_HID_Setup::ifalt   0x20006cda     0x1  Data  Lc  usbd_hid.o [1]
USBD_Init               0x08005f95    0x30  Code  Gb  usbd_core.o [1]
USBD_IsDataReceived     0x080071df     0x6  Code  Gb  usbd_hid.o [1]
USBD_JUSB_ReceivePacket
                        0x080071a7    0x38  Code  Gb  usbd_hid.o [1]
USBD_JUSB_RegisterInterface
                        0x0800713f    0x12  Code  Gb  usbd_hid.o [1]
USBD_JUSB_SetRxBuffer   0x08007163     0xc  Code  Gb  usbd_hid.o [1]
USBD_JUSB_SetTxBuffer   0x08007151    0x12  Code  Gb  usbd_hid.o [1]
USBD_JUSB_TransmitPacket
                        0x0800716f    0x38  Code  Gb  usbd_hid.o [1]
USBD_JUSB_fops          0x20000014    0x10  Data  Gb  usbd_apollo_interface.o [1]
USBD_LL_ClearStallEP    0x08005a67    0x10  Code  Gb  usbd_conf.o [1]
USBD_LL_CloseEP         0x08005a47    0x10  Code  Gb  usbd_conf.o [1]
USBD_LL_DataInStage     0x0800611b    0xdc  Code  Gb  usbd_core.o [1]
USBD_LL_DataOutStage    0x0800608f    0x8c  Code  Gb  usbd_core.o [1]
USBD_LL_DevConnected    0x08006289     0x4  Code  Gb  usbd_core.o [1]
USBD_LL_DevDisconnected
                        0x0800628d    0x18  Code  Gb  usbd_core.o [1]
USBD_LL_GetRxDataSize   0x08005ad9     0xe  Code  Gb  usbd_conf.o [1]
USBD_LL_Init            0x080059ad    0x72  Code  Gb  usbd_conf.o [1]
USBD_LL_IsStallEP       0x08005a77    0x2e  Code  Gb  usbd_conf.o [1]
USBD_LL_IsoINIncomplete
                        0x08006281     0x4  Code  Gb  usbd_core.o [1]
USBD_LL_IsoOUTIncomplete
                        0x08006285     0x4  Code  Gb  usbd_core.o [1]
USBD_LL_OpenEP          0x08005a2d    0x1a  Code  Gb  usbd_conf.o [1]
USBD_LL_PrepareReceive  0x08005ac7    0x12  Code  Gb  usbd_conf.o [1]
USBD_LL_Reset           0x080061f7    0x46  Code  Gb  usbd_core.o [1]
USBD_LL_Resume          0x08006255     0xc  Code  Gb  usbd_core.o [1]
USBD_LL_SOF             0x08006261    0x20  Code  Gb  usbd_core.o [1]
USBD_LL_SetSpeed        0x0800623d     0x6  Code  Gb  usbd_core.o [1]
USBD_LL_SetUSBAddress   0x08005aa5    0x10  Code  Gb  usbd_conf.o [1]
USBD_LL_SetupStage      0x0800601b    0x74  Code  Gb  usbd_core.o [1]
USBD_LL_StallEP         0x08005a57    0x10  Code  Gb  usbd_conf.o [1]
USBD_LL_Start           0x08005a1f     0xe  Code  Gb  usbd_conf.o [1]
USBD_LL_Suspend         0x08006243    0x12  Code  Gb  usbd_core.o [1]
USBD_LL_Transmit        0x08005ab5    0x12  Code  Gb  usbd_conf.o [1]
USBD_LangIDDesc         0x20000054     0x4  Data  Gb  usbd_desc.o [1]
USBD_LibUSBComm_EP0_RxReady
                        0x080070cb     0x8  Code  Lc  usbd_hid.o [1]
USBD_LibUSBComm_EP0_TxReady
                        0x080070c7     0x4  Code  Lc  usbd_hid.o [1]
USBD_ParseSetupRequest  0x08006df5    0x28  Code  Gb  usbd_ctlreq.o [1]
USBD_RegisterClass      0x08005fc5    0x16  Code  Gb  usbd_core.o [1]
USBD_RunTestMode        0x08005fe5     0x4  Code  Gb  usbd_core.o [1]
USBD_SetAddress         0x08006bfb    0x58  Code  Lc  usbd_ctlreq.o [1]
USBD_SetClassConfig     0x08005fe9    0x22  Code  Gb  usbd_core.o [1]
USBD_SetConfig          0x08006c53    0xda  Code  Lc  usbd_ctlreq.o [1]
USBD_SetConfig::cfgidx  0x20006cd8     0x1  Data  Lc  usbd_ctlreq.o [1]
USBD_SetDataReceived    0x080071e5     0x6  Code  Gb  usbd_hid.o [1]
USBD_SetFeature         0x08006d9f    0x22  Code  Lc  usbd_ctlreq.o [1]
USBD_Start              0x08005fdb     0xa  Code  Gb  usbd_core.o [1]
USBD_StdDevReq          0x080068ad    0x58  Code  Gb  usbd_ctlreq.o [1]
USBD_StdEPReq           0x08006951   0x15e  Code  Gb  usbd_ctlreq.o [1]
USBD_StdItfReq          0x08006905    0x4c  Code  Gb  usbd_ctlreq.o [1]
USBD_StrDesc            0x200069f8   0x100  Data  Gb  usbd_desc.o [1]
USBD_StringSerial       0x20000058    0x1c  Data  Gb  usbd_desc.o [1]
USBMessageHandler       0x0800681b    0x2e  Code  Gb  main.o [1]
USB_ActivateEndpoint    0x0800424f    0xc2  Code  Gb  stm32f4xx_ll_usb.o [1]
USB_ActivateSetup       0x08004b4d    0x42  Code  Gb  stm32f4xx_ll_usb.o [1]
USB_CoreInit            0x08003f51    0x6e  Code  Gb  stm32f4xx_ll_usb.o [1]
USB_CoreReset           0x08004be5    0x34  Code  Lc  stm32f4xx_ll_usb.o [1]
USB_DeactivateEndpoint  0x08004311    0xa8  Code  Gb  stm32f4xx_ll_usb.o [1]
USB_DevConnect          0x08004a9f    0x1c  Code  Gb  stm32f4xx_ll_usb.o [1]
USB_DevDisconnect       0x08004abb    0x1c  Code  Gb  stm32f4xx_ll_usb.o [1]
USB_DevInit             0x08004009   0x1aa  Code  Gb  stm32f4xx_ll_usb.o [1]
USB_DisableGlobalInt    0x08003fcb     0xc  Code  Gb  stm32f4xx_ll_usb.o [1]
USB_EP0StartXfer        0x080046f9   0x1ea  Code  Gb  stm32f4xx_ll_usb.o [1]
USB_EP0_OutStart        0x08004b8f    0x56  Code  Gb  stm32f4xx_ll_usb.o [1]
USB_EPClearStall        0x080049e1    0x94  Code  Gb  stm32f4xx_ll_usb.o [1]
USB_EPSetStall          0x08004945    0x9c  Code  Gb  stm32f4xx_ll_usb.o [1]
USB_EPStartXfer         0x080043b9   0x33a  Code  Gb  stm32f4xx_ll_usb.o [1]
USB_EnableGlobalInt     0x08003fbf     0xc  Code  Gb  stm32f4xx_ll_usb.o [1]
USB_FlushRxFifo         0x080041d5    0x1e  Code  Gb  stm32f4xx_ll_usb.o [1]
USB_FlushTxFifo         0x080041b3    0x22  Code  Gb  stm32f4xx_ll_usb.o [1]
USB_GetDevSpeed         0x08004207    0x48  Code  Gb  stm32f4xx_ll_usb.o [1]
USB_GetMode             0x08004b45     0x8  Code  Gb  stm32f4xx_ll_usb.o [1]
USB_ReadDevAllInEpInterrupt
                        0x08004af5    0x12  Code  Gb  stm32f4xx_ll_usb.o [1]
USB_ReadDevAllOutEpInterrupt
                        0x08004ae3    0x12  Code  Gb  stm32f4xx_ll_usb.o [1]
USB_ReadDevInEPInterrupt
                        0x08004b1f    0x26  Code  Gb  stm32f4xx_ll_usb.o [1]
USB_ReadDevOutEPInterrupt
                        0x08004b07    0x18  Code  Gb  stm32f4xx_ll_usb.o [1]
USB_ReadInterrupts      0x08004ad7     0xc  Code  Gb  stm32f4xx_ll_usb.o [1]
USB_ReadPacket          0x0800491d    0x28  Code  Gb  stm32f4xx_ll_usb.o [1]
USB_SetCurrentMode      0x08003fd7    0x32  Code  Gb  stm32f4xx_ll_usb.o [1]
USB_SetDevAddress       0x08004a75    0x2a  Code  Gb  stm32f4xx_ll_usb.o [1]
USB_SetDevSpeed         0x080041f3    0x14  Code  Gb  stm32f4xx_ll_usb.o [1]
USB_WritePacket         0x080048e3    0x3a  Code  Gb  stm32f4xx_ll_usb.o [1]
UsageFault_Handler      0x0800969d     0x2  Code  Gb  stm32f4xx_it.o [1]
UserRxBuffer            0x20005248   0x800  Data  Gb  usbd_apollo_interface.o [1]
UserTxBuffer            0x20005a48   0x800  Data  Gb  usbd_apollo_interface.o [1]
__aeabi_memset          0x080083ed          Code  Gb  ABImemset.o [5]
__cmain                 0x0800993d          Code  Gb  cmain.o [5]
__data_GetMemChunk      0x08003f11    0x2c  Code  Gb  xgetmemchunk.o [3]
__data_GetMemChunk::start
                        0x20006cd4     0x4  Data  Lc  xgetmemchunk.o [3]
__exit                  0x08003f3d    0x14  Code  Gb  exit.o [6]
__iar_Memset            0x080083ed          Code  Gb  ABImemset.o [5]
__iar_Memset_word       0x080083f5          Code  Gb  ABImemset.o [5]
__iar_data_init3        0x080098d1    0x28  Code  Gb  data_init.o [5]
__iar_dlfree            0x080039e7   0x51a  Code  Gb  dlmalloc.o [3]
__iar_dlmalloc          0x08003731   0x2aa  Code  Gb  dlmalloc.o [3]
__iar_init_vfp          0x080098f9          Code  Gb  fpinit_M.o [4]
__iar_lz77_init_single3
                        0x080097ad    0x78  Code  Gb  lz77_init_single.o [5]
__iar_program_start     0x080099e5          Code  Gb  cstartup_M.o [5]
__iar_unaligned___aeabi_memcpy
                        0x08005b69          Code  Gb  ABImemcpy_unaligned.o [5]
__iar_unaligned___aeabi_memcpy4
                        0x08005b89          Code  Gb  ABImemcpy_unaligned.o [5]
__iar_unaligned___aeabi_memcpy8
                        0x08005b89          Code  Gb  ABImemcpy_unaligned.o [5]
__iar_zero_init3        0x08009891    0x40  Code  Gb  zero_init3.o [5]
__low_level_init        0x08009957     0x4  Code  Gb  low_level_init.o [3]
__vector_table          0x08000000          Data  Gb  startup_stm32f429xx.o [1]
_call_main              0x08009949          Code  Gb  cmain.o [5]
_exit                   0x08009961          Code  Gb  cexit.o [5]
_gm_                    0x20006820   0x1d8  Data  Lc  dlmalloc.o [3]
_main                   0x08009953          Code  Gb  cmain.o [5]
aRxBuffer               0x20002e30   0xe0c  Data  Gb  main.o [1]
aTxBuffer               0x20003c3c   0xe0c  Data  Gb  main.o [1]
abort                   0x08003f09     0x6  Code  Gb  abort.o [3]
bulkState               0x20006cc4     0x4  Data  Gb  main.o [1]
exit                    0x0800995b     0x4  Code  Gb  exit.o [3]
flagHsync               0x20006cc0     0x4  Data  Gb  main.o [1]
flagVsync               0x20006cbc     0x4  Data  Gb  main.o [1]
hpcd                    0x20006248   0x3b4  Data  Gb  usbd_conf.o [1]
init_mparams            0x08002a31    0x32  Code  Lc  dlmalloc.o [3]
init_top                0x08002a63    0x34  Code  Lc  dlmalloc.o [3]
kCount                  0x20006cc8     0x4  Data  Gb  main.o [1]
main                    0x0800630d   0x31e  Code  Gb  main.o [1]
mainState               0x20000000     0x4  Data  Gb  main.o [1]
mparams                 0x20006c84    0x18  Data  Lc  dlmalloc.o [3]
msgBody                 0x20001e28  0x1008  Data  Gb  main.o [1]
prepend_alloc           0x08002a97   0x372  Code  Lc  dlmalloc.o [3]
reBuffer                0x20004a48   0x800  Data  Gb  main.o [1]
remotewakeupon          0x20006cd0     0x4  Data  Gb  usbd_conf.o [1]
returnState             0x20000004     0x4  Data  Gb  main.o [1]
segment_holding         0x08002a15    0x1c  Code  Lc  dlmalloc.o [3]
setSensorInitValue      0x08007a1d   0x3a8  Code  Gb  utils.o [1]
sys_alloc               0x08002e09   0x388  Code  Lc  dlmalloc.o [3]
tmalloc_large           0x0800319d   0x380  Code  Lc  dlmalloc.o [3]
tmalloc_small           0x0800351d   0x206  Code  Lc  dlmalloc.o [3]
usbRxBuff               0x20006c9c     0xc  Data  Gb  genMessage.o [1]
usbTxBuff               0x20006ca8     0xc  Data  Gb  genMessage.o [1]
uwTick                  0x20006ccc     0x4  Data  Lc  stm32f4xx_hal.o [1]


[1] = F:\Nanolambda\Dev\STM\myProject_ADK_Example\Projects\STM324x9I_EVAL\Applications\USB_Device\HID_Standalone.v6\EWARM\STM324x9I-EVAL_USBD-FS\Obj
[2] = command line
[3] = dl7M_tlf.a
[4] = m7M_tls.a
[5] = rt7M_tl.a
[6] = shb_l.a

  39 584 bytes of readonly  code memory
     335 bytes of readonly  data memory
  27 867 bytes of readwrite data memory

Errors: none
Warnings: none
